Component: ARM Compiler 5.06 update 2 (build 183) Tool: armlink [4d35b7]

==============================================================================

Section Cross References

    main.o(i.InitHardware) refers to system_stm32f10x.o(i.SystemInit) for SystemInit
    main.o(i.InitHardware) refers to rcc.o(i.InitRCC) for InitRCC
    main.o(i.InitHardware) refers to nvic.o(i.InitNVIC) for InitNVIC
    main.o(i.InitHardware) refers to uart1.o(i.InitUART1) for InitUART1
    main.o(i.InitHardware) refers to timer.o(i.InitTimer) for InitTimer
    main.o(i.InitHardware) refers to led.o(i.InitLED) for InitLED
    main.o(i.InitHardware) refers to systick.o(i.InitSysTick) for InitSysTick
    main.o(i.InitHardware) refers to encoder.o(i.InitEncoder) for InitEncoder
    main.o(i.InitHardware) refers to pwm.o(i.InitPWM) for InitPWM
    main.o(i.InitHardware) refers to motor.o(i.MotorLoad) for MotorLoad
    main.o(i.InitHardware) refers to mpu6050.o(i.MPU_Init) for MPU_Init
    main.o(i.InitHardware) refers to printf8.o(i.__0printf$8) for __2printf
    main.o(i.InitHardware) refers to inv_mpu.o(i.mpu_dmp_init) for mpu_dmp_init
    main.o(i.InitHardware) refers to exti.o(i.InitMPU6050Exti) for InitMPU6050Exti
    main.o(i.Proc2msTask) refers to timer.o(i.Get2msFlag) for Get2msFlag
    main.o(i.Proc2msTask) refers to timer.o(i.Clr2msFlag) for Clr2msFlag
    main.o(i.main) refers to main.o(i.InitHardware) for InitHardware
    main.o(i.main) refers to main.o(i.Proc2msTask) for Proc2msTask
    led.o(i.ConfigLEDGPIO) refers to stm32f10x_rcc.o(i.RCC_APB2PeriphClockCmd) for RCC_APB2PeriphClockCmd
    led.o(i.ConfigLEDGPIO) refers to stm32f10x_gpio.o(i.GPIO_Init) for GPIO_Init
    led.o(i.ConfigLEDGPIO) refers to stm32f10x_gpio.o(i.GPIO_WriteBit) for GPIO_WriteBit
    led.o(i.InitLED) refers to led.o(i.ConfigLEDGPIO) for ConfigLEDGPIO
    led.o(i.LEDFlicker) refers to stm32f10x_gpio.o(i.GPIO_ReadOutputDataBit) for GPIO_ReadOutputDataBit
    led.o(i.LEDFlicker) refers to stm32f10x_gpio.o(i.GPIO_WriteBit) for GPIO_WriteBit
    led.o(i.LEDFlicker) refers to led.o(.data) for s_iCnt
    pid.o(i.BlueTooth) refers to uart1.o(.data) for flag_move
    pid.o(i.BlueTooth) refers to pid.o(.data) for expected_angle
    pid.o(i.EXTI9_5_IRQHandler) refers to stm32f10x_exti.o(i.EXTI_GetITStatus) for EXTI_GetITStatus
    pid.o(i.EXTI9_5_IRQHandler) refers to stm32f10x_exti.o(i.EXTI_ClearITPendingBit) for EXTI_ClearITPendingBit
    pid.o(i.EXTI9_5_IRQHandler) refers to inv_mpu.o(i.mpu_dmp_get_data) for mpu_dmp_get_data
    pid.o(i.EXTI9_5_IRQHandler) refers to mpu6050.o(i.MPU_Get_Accelerometer) for MPU_Get_Accelerometer
    pid.o(i.EXTI9_5_IRQHandler) refers to mpu6050.o(i.MPU_Get_Gyroscope) for MPU_Get_Gyroscope
    pid.o(i.EXTI9_5_IRQHandler) refers to pid.o(i.PID) for PID
    pid.o(i.EXTI9_5_IRQHandler) refers to pid.o(.data) for yaw
    pid.o(i.PD_Vertical) refers to fflti.o(.text) for __aeabi_i2f
    pid.o(i.PD_Vertical) refers to fmul.o(.text) for __aeabi_fmul
    pid.o(i.PD_Vertical) refers to fadd.o(.text) for __aeabi_fadd
    pid.o(i.PD_Vertical) refers to ffixi.o(.text) for __aeabi_f2iz
    pid.o(i.PD_Vertical) refers to pid.o(.data) for med_angle
    pid.o(i.PID) refers to ffixi.o(.text) for __aeabi_f2iz
    pid.o(i.PID) refers to pid.o(i.PD_Vertical) for PD_Vertical
    pid.o(i.PID) refers to pid.o(i.PI_Velocity) for PI_Velocity
    pid.o(i.PID) refers to pid.o(i.BlueTooth) for BlueTooth
    pid.o(i.PID) refers to pid.o(i.Turn) for Turn
    pid.o(i.PID) refers to motor.o(i.MotorLoad) for MotorLoad
    pid.o(i.PID) refers to pid.o(.data) for pitch
    pid.o(i.PI_Velocity) refers to encoder.o(i.GetEncoderSpeed) for GetEncoderSpeed
    pid.o(i.PI_Velocity) refers to fflti.o(.text) for __aeabi_i2f
    pid.o(i.PI_Velocity) refers to fmul.o(.text) for __aeabi_fmul
    pid.o(i.PI_Velocity) refers to fadd.o(.text) for __aeabi_fadd
    pid.o(i.PI_Velocity) refers to ffixi.o(.text) for __aeabi_f2iz
    pid.o(i.PI_Velocity) refers to pid.o(.data) for expected_speed
    pid.o(i.Turn) refers to fflti.o(.text) for __aeabi_i2f
    pid.o(i.Turn) refers to fmul.o(.text) for __aeabi_fmul
    pid.o(i.Turn) refers to fadd.o(.text) for __aeabi_fadd
    pid.o(i.Turn) refers to ffixi.o(.text) for __aeabi_f2iz
    pid.o(i.Turn) refers to uart1.o(.data) for flag_left
    pid.o(i.Turn) refers to pid.o(.data) for gyroz
    rcc.o(i.ConfigRCC) refers to stm32f10x_rcc.o(i.RCC_DeInit) for RCC_DeInit
    rcc.o(i.ConfigRCC) refers to stm32f10x_rcc.o(i.RCC_HSEConfig) for RCC_HSEConfig
    rcc.o(i.ConfigRCC) refers to stm32f10x_rcc.o(i.RCC_WaitForHSEStartUp) for RCC_WaitForHSEStartUp
    rcc.o(i.ConfigRCC) refers to stm32f10x_flash.o(i.FLASH_PrefetchBufferCmd) for FLASH_PrefetchBufferCmd
    rcc.o(i.ConfigRCC) refers to stm32f10x_flash.o(i.FLASH_SetLatency) for FLASH_SetLatency
    rcc.o(i.ConfigRCC) refers to stm32f10x_rcc.o(i.RCC_HCLKConfig) for RCC_HCLKConfig
    rcc.o(i.ConfigRCC) refers to stm32f10x_rcc.o(i.RCC_PCLK2Config) for RCC_PCLK2Config
[...]
    i.RCC_DeInit                             0x08001dfc   Section        0  stm32f10x_rcc.o(i.RCC_DeInit)
    i.RCC_GetClocksFreq                      0x08001e48   Section        0  stm32f10x_rcc.o(i.RCC_GetClocksFreq)
    i.RCC_GetFlagStatus                      0x08001f1c   Section        0  stm32f10x_rcc.o(i.RCC_GetFlagStatus)
    i.RCC_GetSYSCLKSource                    0x08001f58   Section        0  stm32f10x_rcc.o(i.RCC_GetSYSCLKSource)
    i.RCC_HCLKConfig                         0x08001f68   Section        0  stm32f10x_rcc.o(i.RCC_HCLKConfig)
    i.RCC_HSEConfig                          0x08001f80   Section        0  stm32f10x_rcc.o(i.RCC_HSEConfig)
    i.RCC_PCLK1Config                        0x08001fcc   Section        0  stm32f10x_rcc.o(i.RCC_PCLK1Config)
    i.RCC_PCLK2Config                        0x08001fe4   Section        0  stm32f10x_rcc.o(i.RCC_PCLK2Config)
    i.RCC_PLLCmd                             0x08001ffc   Section        0  stm32f10x_rcc.o(i.RCC_PLLCmd)
    i.RCC_PLLConfig                          0x08002008   Section        0  stm32f10x_rcc.o(i.RCC_PLLConfig)
    i.RCC_SYSCLKConfig                       0x08002024   Section        0  stm32f10x_rcc.o(i.RCC_SYSCLKConfig)
    i.RCC_WaitForHSEStartUp                  0x0800203c   Section        0  stm32f10x_rcc.o(i.RCC_WaitForHSEStartUp)
    i.ReadSendBuf                            0x08002074   Section        0  uart1.o(i.ReadSendBuf)
    ReadSendBuf                              0x08002075   Thumb Code    22  uart1.o(i.ReadSendBuf)
    i.SVC_Handler                            0x08002090   Section        0  stm32f10x_it.o(i.SVC_Handler)
    i.SendCharUsedByFputc                    0x08002094   Section        0  uart1.o(i.SendCharUsedByFputc)
    SendCharUsedByFputc                      0x08002095   Thumb Code    28  uart1.o(i.SendCharUsedByFputc)
    i.SetSysClock                            0x080020b4   Section        0  system_stm32f10x.o(i.SetSysClock)
    SetSysClock                              0x080020b5   Thumb Code     8  system_stm32f10x.o(i.SetSysClock)
    i.SetSysClockTo72                        0x080020bc   Section        0  system_stm32f10x.o(i.SetSysClockTo72)
    SetSysClockTo72                          0x080020bd   Thumb Code   214  system_stm32f10x.o(i.SetSysClockTo72)
    i.SysTick_Handler                        0x0800219c   Section        0  systick.o(i.SysTick_Handler)
    i.SystemInit                             0x080021a4   Section        0  system_stm32f10x.o(i.SystemInit)
    i.TI1_Config                             0x08002204   Section        0  stm32f10x_tim.o(i.TI1_Config)
    TI1_Config                               0x08002205   Thumb Code   108  stm32f10x_tim.o(i.TI1_Config)
    i.TI2_Config                             0x08002284   Section        0  stm32f10x_tim.o(i.TI2_Config)
    TI2_Config                               0x08002285   Thumb Code   130  stm32f10x_tim.o(i.TI2_Config)
    i.TI3_Config                             0x0800231c   Section        0  stm32f10x_tim.o(i.TI3_Config)
    TI3_Config                               0x0800231d   Thumb Code   122  stm32f10x_tim.o(i.TI3_Config)
    i.TI4_Config                             0x080023ac   Section        0  stm32f10x_tim.o(i.TI4_Config)
    TI4_Config                               0x080023ad   Thumb Code   130  stm32f10x_tim.o(i.TI4_Config)
    i.TIM1_UP_IRQHandler                     0x08002444   Section        0  timer.o(i.TIM1_UP_IRQHandler)
    i.TIM2_IRQHandler                        0x08002484   Section        0  encoder.o(i.TIM2_IRQHandler)
    i.TIM4_IRQHandler                        0x0800249c   Section        0  encoder.o(i.TIM4_IRQHandler)
    i.TIM_ARRPreloadConfig                   0x080024b8   Section        0  stm32f10x_tim.o(i.TIM_ARRPreloadConfig)
    i.TIM_ClearFlag                          0x080024d0   Section        0  stm32f10x_tim.o(i.TIM_ClearFlag)
    i.TIM_ClearITPendingBit                  0x080024d6   Section        0  stm32f10x_tim.o(i.TIM_ClearITPendingBit)
    i.TIM_Cmd                                0x080024dc   Section        0  stm32f10x_tim.o(i.TIM_Cmd)
    i.TIM_CtrlPWMOutputs                     0x080024f4   Section        0  stm32f10x_tim.o(i.TIM_CtrlPWMOutputs)
    i.TIM_EncoderInterfaceConfig             0x08002512   Section        0  stm32f10x_tim.o(i.TIM_EncoderInterfaceConfig)
    i.TIM_GetCounter                         0x08002554   Section        0  stm32f10x_tim.o(i.TIM_GetCounter)
    i.TIM_GetITStatus                        0x0800255a   Section        0  stm32f10x_tim.o(i.TIM_GetITStatus)
    i.TIM_ICInit                             0x0800257c   Section        0  stm32f10x_tim.o(i.TIM_ICInit)
    i.TIM_ICStructInit                       0x08002628   Section        0  stm32f10x_tim.o(i.TIM_ICStructInit)
    i.TIM_ITConfig                           0x0800263a   Section        0  stm32f10x_tim.o(i.TIM_ITConfig)
    i.TIM_OC1Init                            0x0800264c   Section        0  stm32f10x_tim.o(i.TIM_OC1Init)
    i.TIM_OC1PreloadConfig                   0x080026e4   Section        0  stm32f10x_tim.o(i.TIM_OC1PreloadConfig)
    i.TIM_OC2Init                            0x080026f8   Section        0  stm32f10x_tim.o(i.TIM_OC2Init)
    i.TIM_OC2PreloadConfig                   0x0800279c   Section        0  stm32f10x_tim.o(i.TIM_OC2PreloadConfig)
    i.TIM_OC3Init                            0x080027b8   Section        0  stm32f10x_tim.o(i.TIM_OC3Init)
    i.TIM_OC3PreloadConfig                   0x08002858   Section        0  stm32f10x_tim.o(i.TIM_OC3PreloadConfig)
    i.TIM_OC4Init                            0x0800286c   Section        0  stm32f10x_tim.o(i.TIM_OC4Init)
    i.TIM_OC4PreloadConfig                   0x080028e8   Section        0  stm32f10x_tim.o(i.TIM_OC4PreloadConfig)
    i.TIM_SetCounter                         0x08002902   Section        0  stm32f10x_tim.o(i.TIM_SetCounter)
    i.TIM_SetIC1Prescaler                    0x08002906   Section        0  stm32f10x_tim.o(i.TIM_SetIC1Prescaler)
    i.TIM_SetIC2Prescaler                    0x08002918   Section        0  stm32f10x_tim.o(i.TIM_SetIC2Prescaler)
    i.TIM_SetIC3Prescaler                    0x08002932   Section        0  stm32f10x_tim.o(i.TIM_SetIC3Prescaler)
    i.TIM_SetIC4Prescaler                    0x08002944   Section        0  stm32f10x_tim.o(i.TIM_SetIC4Prescaler)
    i.TIM_TimeBaseInit                       0x08002960   Section        0  stm32f10x_tim.o(i.TIM_TimeBaseInit)
    i.TIM_TimeBaseStructInit                 0x08002a04   Section        0  stm32f10x_tim.o(i.TIM_TimeBaseStructInit)
    i.TimDelayDec                            0x08002a18   Section        0  systick.o(i.TimDelayDec)
    TimDelayDec                              0x08002a19   Thumb Code    18  systick.o(i.TimDelayDec)
    i.Turn                                   0x08002a30   Section        0  pid.o(i.Turn)
    Turn                                     0x08002a31   Thumb Code    98  pid.o(i.Turn)
    i.USART1_IRQHandler                      0x08002aa8   Section        0  uart1.o(i.USART1_IRQHandler)
    i.USART_ClearITPendingBit                0x08002c44   Section        0  stm32f10x_usart.o(i.USART_ClearITPendingBit)
    i.USART_Cmd                              0x08002c62   Section        0  stm32f10x_usart.o(i.USART_Cmd)
    i.USART_GetFlagStatus                    0x08002c7a   Section        0  stm32f10x_usart.o(i.USART_GetFlagStatus)
    i.USART_GetITStatus                      0x08002c94   Section        0  stm32f10x_usart.o(i.USART_GetITStatus)
    i.USART_ITConfig                         0x08002ce8   Section        0  stm32f10x_usart.o(i.USART_ITConfig)
    i.USART_Init                             0x08002d34   Section        0  stm32f10x_usart.o(i.USART_Init)
    i.USART_ReceiveData                      0x08002e0c   Section        0  stm32f10x_usart.o(i.USART_ReceiveData)
    i.USART_SendData                         0x08002e16   Section        0  stm32f10x_usart.o(i.USART_SendData)
    i.USART_StructInit                       0x08002e1e   Section        0  stm32f10x_usart.o(i.USART_StructInit)
    i.UsageFault_Handler                     0x08002e36   Section        0  stm32f10x_it.o(i.UsageFault_Handler)
    i.WriteReceiveBuf                        0x08002e3c   Section        0  uart1.o(i.WriteReceiveBuf)
    WriteReceiveBuf                          0x08002e3d   Thumb Code    20  uart1.o(i.WriteReceiveBuf)
    i.__0printf$8                            0x08002e54   Section        0  printf8.o(i.__0printf$8)
    i.__ARM_fpclassify                       0x08002e74   Section        0  fpclassify.o(i.__ARM_fpclassify)
    i.__kernel_poly                          0x08002e9c   Section        0  poly.o(i.__kernel_poly)
    i.__mathlib_dbl_infnan                   0x08002f46   Section        0  dunder.o(i.__mathlib_dbl_infnan)
    i.__mathlib_dbl_infnan2                  0x08002f4c   Section        0  dunder.o(i.__mathlib_dbl_infnan2)
    i.__mathlib_dbl_invalid                  0x08002f50   Section        0  dunder.o(i.__mathlib_dbl_invalid)
    i.__mathlib_dbl_underflow                0x08002f5c   Section        0  dunder.o(i.__mathlib_dbl_underflow)
    i.__scatterload_copy                     0x08002f6c   Section       14  handlers.o(i.__scatterload_copy)
    i.__scatterload_null                     0x08002f7a   Section        2  handlers.o(i.__scatterload_null)
    i.__scatterload_zeroinit                 0x08002f7c   Section       14  handlers.o(i.__scatterload_zeroinit)
    i.__set_errno                            0x08002f8c   Section        0  errno.o(i.__set_errno)
    i._printf_core                           0x08002f98   Section        0  printf8.o(i._printf_core)
    _printf_core                             0x08002f99   Thumb Code   996  printf8.o(i._printf_core)
    i._printf_post_padding                   0x080033a8   Section        0  printf8.o(i._printf_post_padding)
    _printf_post_padding                     0x080033a9   Thumb Code    36  printf8.o(i._printf_post_padding)
    i._printf_pre_padding                    0x080033cc   Section        0  printf8.o(i._printf_pre_padding)
    _printf_pre_padding                      0x080033cd   Thumb Code    46  printf8.o(i._printf_pre_padding)
    i.accel_self_test                        0x080033fc   Section        0  inv_mpu.o(i.accel_self_test)
    accel_self_test                          0x080033fd   Thumb Code   164  inv_mpu.o(i.accel_self_test)
    i.asin                                   0x080034a4   Section        0  asin.o(i.asin)
    i.atan                                   0x08003714   Section        0  atan.o(i.atan)
    i.atan2                                  0x08003934   Section        0  atan2.o(i.atan2)
    i.decode_gesture                         0x08003ab4   Section        0  inv_mpu_dmp_motion_driver.o(i.decode_gesture)
    decode_gesture                           0x08003ab5   Thumb Code    94  inv_mpu_dmp_motion_driver.o(i.decode_gesture)
    i.dmp_enable_6x_lp_quat                  0x08003b18   Section        0  inv_mpu_dmp_motion_driver.o(i.dmp_enable_6x_lp_quat)
    i.dmp_enable_feature                     0x08003b54   Section        0  inv_mpu_dmp_motion_driver.o(i.dmp_enable_feature)
    i.dmp_enable_gyro_cal                    0x08003d70   Section        0  inv_mpu_dmp_motion_driver.o(i.dmp_enable_gyro_cal)
    i.dmp_enable_lp_quat                     0x08003dc8   Section        0  inv_mpu_dmp_motion_driver.o(i.dmp_enable_lp_quat)
    i.dmp_load_motion_driver_firmware        0x08003e04   Section        0  inv_mpu_dmp_motion_driver.o(i.dmp_load_motion_driver_firmware)
    i.dmp_read_fifo                          0x08003e1c   Section        0  inv_mpu_dmp_motion_driver.o(i.dmp_read_fifo)
    i.dmp_set_accel_bias                     0x08003fe8   Section        0  inv_mpu_dmp_motion_driver.o(i.dmp_set_accel_bias)
    i.dmp_set_fifo_rate                      0x08004118   Section        0  inv_mpu_dmp_motion_driver.o(i.dmp_set_fifo_rate)
    i.dmp_set_gyro_bias                      0x08004188   Section        0  inv_mpu_dmp_motion_driver.o(i.dmp_set_gyro_bias)
    i.dmp_set_orientation                    0x080042b8   Section        0  inv_mpu_dmp_motion_driver.o(i.dmp_set_orientation)
    i.dmp_set_shake_reject_thresh            0x080043f0   Section        0  inv_mpu_dmp_motion_driver.o(i.dmp_set_shake_reject_thresh)
    i.dmp_set_shake_reject_time              0x08004428   Section        0  inv_mpu_dmp_motion_driver.o(i.dmp_set_shake_reject_time)
    i.dmp_set_shake_reject_timeout           0x0800444e   Section        0  inv_mpu_dmp_motion_driver.o(i.dmp_set_shake_reject_timeout)
    i.dmp_set_tap_axes                       0x08004474   Section        0  inv_mpu_dmp_motion_driver.o(i.dmp_set_tap_axes)
    i.dmp_set_tap_count                      0x080044ba   Section        0  inv_mpu_dmp_motion_driver.o(i.dmp_set_tap_count)
    i.dmp_set_tap_thresh                     0x080044e0   Section        0  inv_mpu_dmp_motion_driver.o(i.dmp_set_tap_thresh)
    i.dmp_set_tap_time                       0x08004680   Section        0  inv_mpu_dmp_motion_driver.o(i.dmp_set_tap_time)
    i.dmp_set_tap_time_multi                 0x080046a6   Section        0  inv_mpu_dmp_motion_driver.o(i.dmp_set_tap_time_multi)
    i.fputc                                  0x080046cc   Section        0  uart1.o(i.fputc)
    i.get_accel_prod_shift                   0x080046dc   Section        0  inv_mpu.o(i.get_accel_prod_shift)
    get_accel_prod_shift                     0x080046dd   Thumb Code   168  inv_mpu.o(i.get_accel_prod_shift)
    i.get_st_biases                          0x08004790   Section        0  inv_mpu.o(i.get_st_biases)
    get_st_biases                            0x08004791   Thumb Code  1132  inv_mpu.o(i.get_st_biases)
    i.gyro_self_test                         0x08004c00   Section        0  inv_mpu.o(i.gyro_self_test)
    gyro_self_test                           0x08004c01   Thumb Code   256  inv_mpu.o(i.gyro_self_test)
    i.inv_orientation_matrix_to_scalar       0x08004d10   Section        0  inv_mpu.o(i.inv_orientation_matrix_to_scalar)
    i.inv_row_2_scale                        0x08004d38   Section        0  inv_mpu.o(i.inv_row_2_scale)
    i.main                                   0x08004d86   Section        0  main.o(i.main)
    i.mget_ms                                0x08004d92   Section        0  inv_mpu.o(i.mget_ms)
    i.mpu_configure_fifo                     0x08004d94   Section        0  inv_mpu.o(i.mpu_configure_fifo)
    i.mpu_dmp_get_data                       0x08004e04   Section        0  inv_mpu.o(i.mpu_dmp_get_data)
    i.mpu_dmp_init                           0x08005028   Section        0  inv_mpu.o(i.mpu_dmp_init)
    i.mpu_get_accel_fsr                      0x080050c8   Section        0  inv_mpu.o(i.mpu_get_accel_fsr)
    i.mpu_get_accel_sens                     0x08005114   Section        0  inv_mpu.o(i.mpu_get_accel_sens)
    i.mpu_get_fifo_config                    0x08005168   Section        0  inv_mpu.o(i.mpu_get_fifo_config)
    i.mpu_get_gyro_fsr                       0x08005178   Section        0  inv_mpu.o(i.mpu_get_gyro_fsr)
    i.mpu_get_gyro_sens                      0x080051bc   Section        0  inv_mpu.o(i.mpu_get_gyro_sens)
    i.mpu_get_lpf                            0x0800520c   Section        0  inv_mpu.o(i.mpu_get_lpf)
    i.mpu_get_sample_rate                    0x0800525c   Section        0  inv_mpu.o(i.mpu_get_sample_rate)
    i.mpu_init                               0x0800527c   Section        0  inv_mpu.o(i.mpu_init)
    i.mpu_load_firmware                      0x0800546c   Section        0  inv_mpu.o(i.mpu_load_firmware)
    i.mpu_lp_accel_mode                      0x08005524   Section        0  inv_mpu.o(i.mpu_lp_accel_mode)
    i.mpu_read_fifo_stream                   0x08005604   Section        0  inv_mpu.o(i.mpu_read_fifo_stream)
    i.mpu_read_mem                           0x08005688   Section        0  inv_mpu.o(i.mpu_read_mem)
    i.mpu_reset_fifo                         0x08005708   Section        0  inv_mpu.o(i.mpu_reset_fifo)
    i.mpu_run_self_test                      0x080058d0   Section        0  inv_mpu.o(i.mpu_run_self_test)
    i.mpu_set_accel_fsr                      0x080059ec   Section        0  inv_mpu.o(i.mpu_set_accel_fsr)
    i.mpu_set_bypass                         0x08005a70   Section        0  inv_mpu.o(i.mpu_set_bypass)
    i.mpu_set_dmp_state                      0x08005bbc   Section        0  inv_mpu.o(i.mpu_set_dmp_state)
    i.mpu_set_gyro_fsr                       0x08005c4c   Section        0  inv_mpu.o(i.mpu_set_gyro_fsr)
    i.mpu_set_int_latched                    0x08005cd4   Section        0  inv_mpu.o(i.mpu_set_int_latched)
    i.mpu_set_lpf                            0x08005d40   Section        0  inv_mpu.o(i.mpu_set_lpf)
    i.mpu_set_sample_rate                    0x08005dc4   Section        0  inv_mpu.o(i.mpu_set_sample_rate)
    i.mpu_set_sensors                        0x08005e60   Section        0  inv_mpu.o(i.mpu_set_sensors)
    i.mpu_write_mem                          0x08005f30   Section        0  inv_mpu.o(i.mpu_write_mem)
    i.run_self_test                          0x08005fb0   Section        0  inv_mpu.o(i.run_self_test)
    i.set_int_enable                         0x08006044   Section        0  inv_mpu.o(i.set_int_enable)
    set_int_enable                           0x08006045   Thumb Code   138  inv_mpu.o(i.set_int_enable)
    i.sqrt                                   0x080060d4   Section        0  sqrt.o(i.sqrt)
    .constdata                               0x08006120   Section     3062  inv_mpu_dmp_motion_driver.o(.constdata)
    dmp_memory                               0x08006120   Data        3062  inv_mpu_dmp_motion_driver.o(.constdata)
    .constdata                               0x08006d18   Section       80  inv_mpu.o(.constdata)
    .constdata                               0x08006d68   Section       80  asin.o(.constdata)
    pS                                       0x08006d68   Data          48  asin.o(.constdata)
    qS                                       0x08006d98   Data          32  asin.o(.constdata)
    .constdata                               0x08006db8   Section      152  atan.o(.constdata)
    atanhi                                   0x08006db8   Data          32  atan.o(.constdata)
    atanlo                                   0x08006dd8   Data          32  atan.o(.constdata)
    aTodd                                    0x08006df8   Data          40  atan.o(.constdata)
    aTeven                                   0x08006e20   Data          48  atan.o(.constdata)
    .constdata                               0x08006e50   Section        8  qnan.o(.constdata)
    .conststring                             0x08006e58   Section       77  inv_mpu.o(.conststring)
    .data                                    0x20000000   Section       56  pid.o(.data)
    sum_err                                  0x20000034   Data           4  pid.o(.data)
    .data                                    0x20000038   Section        4  timer.o(.data)
    s_i2msFlag                               0x20000038   Data           1  timer.o(.data)
    s_iCnt2                                  0x2000003a   Data           2  timer.o(.data)
    .data                                    0x2000003c   Section        6  uart1.o(.data)
    s_iUARTTxSts                             0x2000003c   Data           1  uart1.o(.data)
    .data                                    0x20000044   Section       53  inv_mpu.o(.data)
    st                                       0x20000044   Data          44  inv_mpu.o(.data)
    gyro_orientation                         0x20000070   Data           9  inv_mpu.o(.data)
    .data                                    0x20000079   Section       20  stm32f10x_rcc.o(.data)
    APBAHBPrescTable                         0x20000079   Data          16  stm32f10x_rcc.o(.data)
    ADCPrescTable                            0x20000089   Data           4  stm32f10x_rcc.o(.data)
    .data                                    0x20000090   Section       20  system_stm32f10x.o(.data)
    .data                                    0x200000a4   Section        4  systick.o(.data)
    s_iTimDelayCnt                           0x200000a4   Data           4  systick.o(.data)
    .data                                    0x200000a8   Section        4  stdout.o(.data)
    .data                                    0x200000ac   Section        4  errno.o(.data)
    _errno                                   0x200000ac   Data           4  errno.o(.data)
    .bss                                     0x200000b0   Section      224  uart1.o(.bss)
    s_structUARTSendCirQue                   0x200000b0   Data          12  uart1.o(.bss)
    s_structUARTRecCirQue                    0x200000bc   Data          12  uart1.o(.bss)
    s_arrSendBuf                             0x200000c8   Data         100  uart1.o(.bss)
    s_arrRecBuf                              0x2000012c   Data         100  uart1.o(.bss)
    .bss                                     0x20000190   Section       16  inv_mpu_dmp_motion_driver.o(.bss)
    dmp                                      0x20000190   Data          16  inv_mpu_dmp_motion_driver.o(.bss)
    STACK                                    0x200001a0   Section     1024  startup_stm32f10x_hd.o(STACK)

    Global Symbols

    Symbol Name                              Value     Ov Type        Size  Object(Section)

    BuildAttributes$$THM_ISAv4$P$D$K$B$S$PE$A:L22UL41UL21$X:L11$S22US41US21$IEEE1$IW$USESV6$~STKCKD$USESV7$~SHL$OTIME$ROPI$IEEEX$EBA8$MICROLIB$REQ8$PRES8$EABIv2 0x00000000   Number         0  anon$$obj.o ABSOLUTE
    __ARM_use_no_argv                        0x00000000   Number         0  main.o ABSOLUTE
    _printf_a                                0x00000000   Number         0  stubs.o ABSOLUTE
    _printf_c                                0x00000000   Number         0  stubs.o ABSOLUTE
    _printf_charcount                        0x00000000   Number         0  stubs.o ABSOLUTE
    _printf_d                                0x00000000   Number         0  stubs.o ABSOLUTE
    _printf_e                                0x00000000   Number         0  stubs.o ABSOLUTE
    _printf_f                                0x00000000   Number         0  stubs.o ABSOLUTE
    _printf_flags                            0x00000000   Number         0  stubs.o ABSOLUTE
    _printf_fp_dec                           0x00000000   Number         0  stubs.o ABSOLUTE
    _printf_fp_hex                           0x00000000   Number         0  stubs.o ABSOLUTE
    _printf_g                                0x00000000   Number         0  stubs.o ABSOLUTE
    _printf_i                                0x00000000   Number         0  stubs.o ABSOLUTE
    _printf_int_dec                          0x00000000   Number         0  stubs.o ABSOLUTE
    _printf_l                                0x00000000   Number         0  stubs.o ABSOLUTE
    _printf_lc                               0x00000000   Number         0  stubs.o ABSOLUTE
    _printf_ll                               0x00000000   Number         0  stubs.o ABSOLUTE
    _printf_lld                              0x00000000   Number         0  stubs.o ABSOLUTE
    _printf_lli                              0x00000000   Number         0  stubs.o ABSOLUTE
    _printf_llo                              0x00000000   Number         0  stubs.o ABSOLUTE
    _printf_llu                              0x00000000   Number         0  stubs.o ABSOLUTE
    _printf_llx                              0x00000000   Number         0  stubs.o ABSOLUTE
    _printf_longlong_dec                     0x00000000   Number         0  stubs.o ABSOLUTE
    _printf_longlong_hex                     0x00000000   Number         0  stubs.o ABSOLUTE
    _printf_longlong_oct                     0x00000000   Number         0  stubs.o ABSOLUTE
    _printf_ls                               0x00000000   Number         0  stubs.o ABSOLUTE
    _printf_mbtowc                           0x00000000   Number         0  stubs.o ABSOLUTE
    _printf_n                                0x00000000   Number         0  stubs.o ABSOLUTE
    _printf_o                                0x00000000   Number         0  stubs.o ABSOLUTE
    _printf_p                                0x00000000   Number         0  stubs.o ABSOLUTE
    _printf_percent                          0x00000000   Number         0  stubs.o ABSOLUTE
    _printf_pre_padding                      0x00000000   Number         0  stubs.o ABSOLUTE
    _printf_return_value                     0x00000000   Number         0  stubs.o ABSOLUTE
    _printf_s                                0x00000000   Number         0  stubs.o ABSOLUTE
    _printf_sizespec                         0x00000000   Number         0  stubs.o ABSOLUTE
    _printf_str                              0x00000000   Number         0  stubs.o ABSOLUTE
    _printf_truncate_signed                  0x00000000   Number         0  stubs.o ABSOLUTE
    _printf_truncate_unsigned                0x00000000   Number         0  stubs.o ABSOLUTE
    _printf_u                                0x00000000   Number         0  stubs.o ABSOLUTE
    _printf_wc                               0x00000000   Number         0  stubs.o ABSOLUTE
    _printf_wctomb                           0x00000000   Number         0  stubs.o ABSOLUTE
    _printf_widthprec                        0x00000000   Number         0  stubs.o ABSOLUTE
    _printf_x                                0x00000000   Number         0  stubs.o ABSOLUTE
    __cpp_initialize__aeabi_                  - Undefined Weak Reference
    __cxa_finalize                            - Undefined Weak Reference
    __decompress                              - Undefined Weak Reference
    _clock_init                               - Undefined Weak Reference
    _microlib_exit                            - Undefined Weak Reference
    __Vectors_Size                           0x00000130   Number         0  startup_stm32f10x_hd.o ABSOLUTE
    __Vectors                                0x08000000   Data           4  startup_stm32f10x_hd.o(RESET)
    __Vectors_End                            0x08000130   Data           0  startup_stm32f10x_hd.o(RESET)
    __main                                   0x08000131   Thumb Code     0  entry.o(.ARM.Collect$$$$00000000)
    _main_stk                                0x08000131   Thumb Code     0  entry2.o(.ARM.Collect$$$$00000001)
    _main_scatterload                        0x08000135   Thumb Code     0  entry5.o(.ARM.Collect$$$$00000004)
    __main_after_scatterload                 0x08000139   Thumb Code     0  entry5.o(.ARM.Collect$$$$00000004)
    _main_clock                              0x08000139   Thumb Code     0  entry7b.o(.ARM.Collect$$$$00000008)
    _main_cpp_init                           0x08000139   Thumb Code     0  entry8b.o(.ARM.Collect$$$$0000000A)
    _main_init                               0x08000139   Thumb Code     0  entry9a.o(.ARM.Collect$$$$0000000B)
    __rt_final_cpp                           0x08000141   Thumb Code     0  entry10a.o(.ARM.Collect$$$$0000000D)
    __rt_final_exit                          0x08000141   Thumb Code     0  entry11a.o(.ARM.Collect$$$$0000000F)
    Reset_Handler                            0x08000145   Thumb Code     8  startup_stm32f10x_hd.o(.text)
    ADC1_2_IRQHandler                        0x0800015f   Thumb Code     0  startup_stm32f10x_hd.o(.text)
    ADC3_IRQHandler                          0x0800015f   Thumb Code     0  startup_stm32f10x_hd.o(.text)
    CAN1_RX1_IRQHandler                      0x0800015f   Thumb Code     0  startup_stm32f10x_hd.o(.text)
    CAN1_SCE_IRQHandler                      0x0800015f   Thumb Code     0  startup_stm32f10x_hd.o(.text)
    DMA1_Channel1_IRQHandler                 0x0800015f   Thumb Code     0  startup_stm32f10x_hd.o(.text)
    DMA1_Channel2_IRQHandler                 0x0800015f   Thumb Code     0  startup_stm32f10x_hd.o(.text)
    DMA1_Channel3_IRQHandler                 0x0800015f   Thumb Code     0  startup_stm32f10x_hd.o(.text)
    DMA1_Channel4_IRQHandler                 0x0800015f   Thumb Code     0  startup_stm32f10x_hd.o(.text)
    DMA1_Channel5_IRQHandler                 0x0800015f   Thumb Code     0  startup_stm32f10x_hd.o(.text)
    DMA1_Channel6_IRQHandler                 0x0800015f   Thumb Code     0  startup_stm32f10x_hd.o(.text)
    DMA1_Channel7_IRQHandler                 0x0800015f   Thumb Code     0  startup_stm32f10x_hd.o(.text)
    DMA2_Channel1_IRQHandler                 0x0800015f   Thumb Code     0  startup_stm32f10x_hd.o(.text)
    DMA2_Channel2_IRQHandler                 0x0800015f   Thumb Code     0  startup_stm32f10x_hd.o(.text)
    DMA2_Channel3_IRQHandler                 0x0800015f   Thumb Code     0  startup_stm32f10x_hd.o(.text)
    DMA2_Channel4_5_IRQHandler               0x0800015f   Thumb Code     0  startup_stm32f10x_hd.o(.text)
    EXTI0_IRQHandler                         0x0800015f   Thumb Code     0  startup_stm32f10x_hd.o(.text)
    EXTI15_10_IRQHandler                     0x0800015f   Thumb Code     0  startup_stm32f10x_hd.o(.text)
    EXTI1_IRQHandler                         0x0800015f   Thumb Code     0  startup_stm32f10x_hd.o(.text)
    EXTI2_IRQHandler                         0x0800015f   Thumb Code     0  startup_stm32f10x_hd.o(.text)
    EXTI3_IRQHandler                         0x0800015f   Thumb Code     0  startup_stm32f10x_hd.o(.text)
    EXTI4_IRQHandler                         0x0800015f   Thumb Code     0  startup_stm32f10x_hd.o(.text)
    FLASH_IRQHandler                         0x0800015f   Thumb Code     0  startup_stm32f10x_hd.o(.text)
    FSMC_IRQHandler                          0x0800015f   Thumb Code     0  startup_stm32f10x_hd.o(.text)
    I2C1_ER_IRQHandler                       0x0800015f   Thumb Code     0  startup_stm32f10x_hd.o(.text)
    I2C1_EV_IRQHandler                       0x0800015f   Thumb Code     0  startup_stm32f10x_hd.o(.text)
    I2C2_ER_IRQHandler                       0x0800015f   Thumb Code     0  startup_stm32f10x_hd.o(.text)
    I2C2_EV_IRQHandler                       0x0800015f   Thumb Code     0  startup_stm32f10x_hd.o(.text)
    PVD_IRQHandler                           0x0800015f   Thumb Code     0  startup_stm32f10x_hd.o(.text)
    RCC_IRQHandler                           0x0800015f   Thumb Code     0  startup_stm32f10x_hd.o(.text)
    RTCAlarm_IRQHandler                      0x0800015f   Thumb Code     0  startup_stm32f10x_hd.o(.text)
    RTC_IRQHandler                           0x0800015f   Thumb Code     0  startup_stm32f10x_hd.o(.text)
    SDIO_IRQHandler                          0x0800015f   Thumb Code     0  startup_stm32f10x_hd.o(.text)
    SPI1_IRQHandler                          0x0800015f   Thumb Code     0  startup_stm32f10x_hd.o(.text)
    SPI2_IRQHandler                          0x0800015f   Thumb Code     0  startup_stm32f10x_hd.o(.text)
    SPI3_IRQHandler                          0x0800015f   Thumb Code     0  startup_stm32f10x_hd.o(.text)
    TAMPER_IRQHandler                        0x0800015f   Thumb Code     0  startup_stm32f10x_hd.o(.text)
    TIM1_BRK_IRQHandler                      0x0800015f   Thumb Code     0  startup_stm32f10x_hd.o(.text)
    TIM1_CC_IRQHandler                       0x0800015f   Thumb Code     0  startup_stm32f10x_hd.o(.text)
    TIM1_TRG_COM_IRQHandler                  0x0800015f   Thumb Code     0  startup_stm32f10x_hd.o(.text)
    TIM3_IRQHandler                          0x0800015f   Thumb Code     0  startup_stm32f10x_hd.o(.text)
    TIM5_IRQHandler                          0x0800015f   Thumb Code     0  startup_stm32f10x_hd.o(.text)
    TIM6_IRQHandler                          0x0800015f   Thumb Code     0  startup_stm32f10x_hd.o(.text)
    TIM7_IRQHandler                          0x0800015f   Thumb Code     0  startup_stm32f10x_hd.o(.text)
    TIM8_BRK_IRQHandler                      0x0800015f   Thumb Code     0  startup_stm32f10x_hd.o(.text)
    TIM8_CC_IRQHandler                       0x0800015f   Thumb Code     0  startup_stm32f10x_hd.o(.text)
    TIM8_TRG_COM_IRQHandler                  0x0800015f   Thumb Code     0  startup_stm32f10x_hd.o(.text)
    TIM8_UP_IRQHandler                       0x0800015f   Thumb Code     0  startup_stm32f10x_hd.o(.text)
    UART4_IRQHandler                         0x0800015f   Thumb Code     0  startup_stm32f10x_hd.o(.text)
    UART5_IRQHandler                         0x0800015f   Thumb Code     0  startup_stm32f10x_hd.o(.text)
    USART2_IRQHandler                        0x0800015f   Thumb Code     0  startup_stm32f10x_hd.o(.text)
    USART3_IRQHandler                        0x0800015f   Thumb Code     0  startup_stm32f10x_hd.o(.text)
    USBWakeUp_IRQHandler                     0x0800015f   Thumb Code     0  startup_stm32f10x_hd.o(.text)
    USB_HP_CAN1_TX_IRQHandler                0x0800015f   Thumb Code     0  startup_stm32f10x_hd.o(.text)
    USB_LP_CAN1_RX0_IRQHandler               0x0800015f   Thumb Code     0  startup_stm32f10x_hd.o(.text)
    WWDG_IRQHandler                          0x0800015f   Thumb Code     0  startup_stm32f10x_hd.o(.text)
    __aeabi_ldivmod                          0x08000169   Thumb Code    98  ldiv.o(.text)
    __aeabi_memset                           0x080001cb   Thumb Code    14  memseta.o(.text)
    __aeabi_memset4                          0x080001cb   Thumb Code     0  memseta.o(.text)
    __aeabi_memset8                          0x080001cb   Thumb Code     0  memseta.o(.text)
    __aeabi_memclr                           0x080001d9   Thumb Code     4  memseta.o(.text)
    __aeabi_memclr4                          0x080001d9   Thumb Code     0  memseta.o(.text)
    __aeabi_memclr8                          0x080001d9   Thumb Code     0  memseta.o(.text)
    _memset$wrapper                          0x080001dd   Thumb Code    18  memseta.o(.text)
    memcmp                                   0x080001ef   Thumb Code    26  memcmp.o(.text)
    __aeabi_fadd                             0x08000209   Thumb Code   164  fadd.o(.text)
    __aeabi_fsub                             0x080002ad   Thumb Code     6  fadd.o(.text)
    __aeabi_frsub                            0x080002b3   Thumb Code     6  fadd.o(.text)
    __aeabi_fmul                             0x080002b9   Thumb Code   100  fmul.o(.text)
    __aeabi_fdiv                             0x0800031d   Thumb Code   124  fdiv.o(.text)
    __aeabi_dadd                             0x08000399   Thumb Code   322  dadd.o(.text)
    __aeabi_dsub                             0x080004db   Thumb Code     6  dadd.o(.text)
    __aeabi_drsub                            0x080004e1   Thumb Code     6  dadd.o(.text)
    __aeabi_dmul                             0x080004e7   Thumb Code   228  dmul.o(.text)
    __aeabi_ddiv                             0x080005cb   Thumb Code   222  ddiv.o(.text)
    __aeabi_i2f                              0x080006a9   Thumb Code    18  fflti.o(.text)
    __aeabi_ui2f                             0x080006bb   Thumb Code    10  ffltui.o(.text)
    __aeabi_f2iz                             0x080006c5   Thumb Code    50  ffixi.o(.text)
    __aeabi_f2uiz                            0x080006f7   Thumb Code    40  ffixui.o(.text)
    __aeabi_f2d                              0x0800071f   Thumb Code    38  f2d.o(.text)
    __aeabi_d2f                              0x08000745   Thumb Code    56  d2f.o(.text)
    __aeabi_cfcmpeq                          0x0800077d   Thumb Code     0  cfcmple.o(.text)
    __aeabi_cfcmple                          0x0800077d   Thumb Code    20  cfcmple.o(.text)
    __aeabi_cfrcmple                         0x08000791   Thumb Code    20  cfrcmple.o(.text)
    __aeabi_uldivmod                         0x080007a5   Thumb Code    98  uldiv.o(.text)
    __aeabi_llsl                             0x08000807   Thumb Code    30  llshl.o(.text)
    _ll_shift_l                              0x08000807   Thumb Code     0  llshl.o(.text)
    __aeabi_lasr                             0x08000825   Thumb Code    36  llsshr.o(.text)
    _ll_sshift_r                             0x08000825   Thumb Code     0  llsshr.o(.text)
    __I$use$fp                               0x08000849   Thumb Code     0  iusefp.o(.text)
    _float_round                             0x08000849   Thumb Code    18  fepilogue.o(.text)
    _float_epilogue                          0x0800085b   Thumb Code    92  fepilogue.o(.text)
    _double_round                            0x080008b7   Thumb Code    30  depilogue.o(.text)
    _double_epilogue                         0x080008d5   Thumb Code   156  depilogue.o(.text)
    __ARM_scalbn                             0x08000971   Thumb Code    46  dscalb.o(.text)
    scalbn                                   0x08000971   Thumb Code     0  dscalb.o(.text)
    __scatterload                            0x080009a1   Thumb Code    28  init.o(.text)
    __scatterload_rt2                        0x080009a1   Thumb Code     0  init.o(.text)
    __aeabi_llsr                             0x080009c5   Thumb Code    32  llushr.o(.text)
    _ll_ushift_r                             0x080009c5   Thumb Code     0  llushr.o(.text)
    _dsqrt                                   0x080009e5   Thumb Code   162  dsqrt.o(.text)
    BusFault_Handler                         0x08000ad9   Thumb Code     4  stm32f10x_it.o(i.BusFault_Handler)
    Clr2msFlag                               0x08000add   Thumb Code     8  timer.o(i.Clr2msFlag)
    DeQueue                                  0x08000f3d   Thumb Code    68  queue.o(i.DeQueue)
    DebugMon_Handler                         0x08000f81   Thumb Code     2  stm32f10x_it.o(i.DebugMon_Handler)
    DelayNms                                 0x08000f85   Thumb Code    20  systick.o(i.DelayNms)
    DelayNus                                 0x08000f9d   Thumb Code    26  systick.o(i.DelayNus)
    EXTI9_5_IRQHandler                       0x08000fb9   Thumb Code    64  pid.o(i.EXTI9_5_IRQHandler)
    EXTI_ClearITPendingBit                   0x08001021   Thumb Code     6  stm32f10x_exti.o(i.EXTI_ClearITPendingBit)
    EXTI_GetITStatus                         0x0800102d   Thumb Code    34  stm32f10x_exti.o(i.EXTI_GetITStatus)
    EXTI_Init                                0x08001055   Thumb Code   142  stm32f10x_exti.o(i.EXTI_Init)
    EnQueue                                  0x080010e9   Thumb Code    72  queue.o(i.EnQueue)
    FLASH_PrefetchBufferCmd                  0x08001131   Thumb Code    22  stm32f10x_flash.o(i.FLASH_PrefetchBufferCmd)
    FLASH_SetLatency                         0x0800114d   Thumb Code    18  stm32f10x_flash.o(i.FLASH_SetLatency)
    GPIO_EXTILineConfig                      0x08001165   Thumb Code    60  stm32f10x_gpio.o(i.GPIO_EXTILineConfig)
    GPIO_Init                                0x080011a5   Thumb Code   278  stm32f10x_gpio.o(i.GPIO_Init)
    GPIO_PinRemapConfig                      0x080012bd   Thumb Code   138  stm32f10x_gpio.o(i.GPIO_PinRemapConfig)
    GPIO_ReadOutputDataBit                   0x0800134d   Thumb Code    18  stm32f10x_gpio.o(i.GPIO_ReadOutputDataBit)
    GPIO_SetBits                             0x0800135f   Thumb Code     4  stm32f10x_gpio.o(i.GPIO_SetBits)
    GPIO_WriteBit                            0x08001363   Thumb Code    10  stm32f10x_gpio.o(i.GPIO_WriteBit)
    Get2msFlag                               0x0800136d   Thumb Code     6  timer.o(i.Get2msFlag)
    GetEncoderSpeed                          0x08001379   Thumb Code    68  encoder.o(i.GetEncoderSpeed)
    HardFault_Handler                        0x080013bd   Thumb Code     4  stm32f10x_it.o(i.HardFault_Handler)
    InitEncoder                              0x080013c1   Thumb Code    12  encoder.o(i.InitEncoder)
    InitLED                                  0x08001425   Thumb Code     8  led.o(i.InitLED)
    InitMPU6050Exti                          0x0800142d   Thumb Code     8  exti.o(i.InitMPU6050Exti)
    InitNVIC                                 0x08001435   Thumb Code     8  nvic.o(i.InitNVIC)
    InitPWM                                  0x0800143d   Thumb Code    12  pwm.o(i.InitPWM)
    InitQueue                                0x08001449   Thumb Code    36  queue.o(i.InitQueue)
    InitRCC                                  0x0800146d   Thumb Code     8  rcc.o(i.InitRCC)
    InitSysTick                              0x08001475   Thumb Code    92  systick.o(i.InitSysTick)
    InitTimer                                0x080014dd   Thumb Code    14  timer.o(i.InitTimer)
    InitUART1                                0x080014eb   Thumb Code    16  uart1.o(i.InitUART1)
    MPU_Get_Accelerometer                    0x0800153d   Thumb Code    80  mpu6050.o(i.MPU_Get_Accelerometer)
    MPU_Get_Gyroscope                        0x0800158d   Thumb Code    80  mpu6050.o(i.MPU_Get_Gyroscope)
    MPU_IIC_Ack                              0x080015dd   Thumb Code    62  mpuiic.o(i.MPU_IIC_Ack)
    MPU_IIC_Delay                            0x08001629   Thumb Code    10  mpuiic.o(i.MPU_IIC_Delay)
    MPU_IIC_Init                             0x08001635   Thumb Code    50  mpuiic.o(i.MPU_IIC_Init)
    MPU_IIC_NAck                             0x0800166d   Thumb Code    62  mpuiic.o(i.MPU_IIC_NAck)
    MPU_IIC_Read_Byte                        0x080016b9   Thumb Code    94  mpuiic.o(i.MPU_IIC_Read_Byte)
    MPU_IIC_Send_Byte                        0x08001725   Thumb Code    80  mpuiic.o(i.MPU_IIC_Send_Byte)
    MPU_IIC_Start                            0x08001781   Thumb Code    60  mpuiic.o(i.MPU_IIC_Start)
    MPU_IIC_Stop                             0x080017c9   Thumb Code    58  mpuiic.o(i.MPU_IIC_Stop)
    MPU_IIC_Wait_Ack                         0x08001811   Thumb Code    86  mpuiic.o(i.MPU_IIC_Wait_Ack)
    MPU_Init                                 0x08001875   Thumb Code   180  mpu6050.o(i.MPU_Init)
    MPU_Read_Byte                            0x08001935   Thumb Code    58  mpu6050.o(i.MPU_Read_Byte)
    MPU_Read_Len                             0x0800196f   Thumb Code   116  mpu6050.o(i.MPU_Read_Len)
    MPU_Set_Accel_Fsr                        0x080019e3   Thumb Code    16  mpu6050.o(i.MPU_Set_Accel_Fsr)
    MPU_Set_Gyro_Fsr                         0x080019f3   Thumb Code    16  mpu6050.o(i.MPU_Set_Gyro_Fsr)
    MPU_Set_LPF                              0x08001a03   Thumb Code    58  mpu6050.o(i.MPU_Set_LPF)
    MPU_Set_Rate                             0x08001a3d   Thumb Code    58  mpu6050.o(i.MPU_Set_Rate)
    MPU_Write_Byte                           0x08001a77   Thumb Code    68  mpu6050.o(i.MPU_Write_Byte)
    MPU_Write_Len                            0x08001abb   Thumb Code    96  mpu6050.o(i.MPU_Write_Len)
    MemManage_Handler                        0x08001b1b   Thumb Code     4  stm32f10x_it.o(i.MemManage_Handler)
    MotorLoad                                0x08001b21   Thumb Code   144  motor.o(i.MotorLoad)
    NMI_Handler                              0x08001bb5   Thumb Code     2  stm32f10x_it.o(i.NMI_Handler)
    NVIC_Init                                0x08001bd1   Thumb Code   100  misc.o(i.NVIC_Init)
    NVIC_PriorityGroupConfig                 0x08001c41   Thumb Code    10  misc.o(i.NVIC_PriorityGroupConfig)
    PID                                      0x08001cb5   Thumb Code    74  pid.o(i.PID)
    PendSV_Handler                           0x08001d9d   Thumb Code     2  stm32f10x_it.o(i.PendSV_Handler)
    QueueEmpty                               0x08001dad   Thumb Code    14  queue.o(i.QueueEmpty)
    RCC_APB1PeriphClockCmd                   0x08001dbd   Thumb Code    26  stm32f10x_rcc.o(i.RCC_APB1PeriphClockCmd)
    RCC_APB2PeriphClockCmd                   0x08001ddd   Thumb Code    26  stm32f10x_rcc.o(i.RCC_APB2PeriphClockCmd)
    RCC_DeInit                               0x08001dfd   Thumb Code    64  stm32f10x_rcc.o(i.RCC_DeInit)
    RCC_GetClocksFreq                        0x08001e49   Thumb Code   192  stm32f10x_rcc.o(i.RCC_GetClocksFreq)
    RCC_GetFlagStatus                        0x08001f1d   Thumb Code    56  stm32f10x_rcc.o(i.RCC_GetFlagStatus)
    RCC_GetSYSCLKSource                      0x08001f59   Thumb Code    10  stm32f10x_rcc.o(i.RCC_GetSYSCLKSource)
    RCC_HCLKConfig                           0x08001f69   Thumb Code    18  stm32f10x_rcc.o(i.RCC_HCLKConfig)
    RCC_HSEConfig                            0x08001f81   Thumb Code    70  stm32f10x_rcc.o(i.RCC_HSEConfig)
    RCC_PCLK1Config                          0x08001fcd   Thumb Code    18  stm32f10x_rcc.o(i.RCC_PCLK1Config)
    RCC_PCLK2Config                          0x08001fe5   Thumb Code    20  stm32f10x_rcc.o(i.RCC_PCLK2Config)
    RCC_PLLCmd                               0x08001ffd   Thumb Code     6  stm32f10x_rcc.o(i.RCC_PLLCmd)
    RCC_PLLConfig                            0x08002009   Thumb Code    24  stm32f10x_rcc.o(i.RCC_PLLConfig)
    RCC_SYSCLKConfig                         0x08002025   Thumb Code    18  stm32f10x_rcc.o(i.RCC_SYSCLKConfig)
    RCC_WaitForHSEStartUp                    0x0800203d   Thumb Code    56  stm32f10x_rcc.o(i.RCC_WaitForHSEStartUp)
    SVC_Handler                              0x08002091   Thumb Code     2  stm32f10x_it.o(i.SVC_Handler)
    SysTick_Handler                          0x0800219d   Thumb Code     8  systick.o(i.SysTick_Handler)
    SystemInit                               0x080021a5   Thumb Code    78  system_stm32f10x.o(i.SystemInit)
    TIM1_UP_IRQHandler                       0x08002445   Thumb Code    52  timer.o(i.TIM1_UP_IRQHandler)
    TIM2_IRQHandler                          0x08002485   Thumb Code    24  encoder.o(i.TIM2_IRQHandler)
    TIM4_IRQHandler                          0x0800249d   Thumb Code    24  encoder.o(i.TIM4_IRQHandler)
    TIM_ARRPreloadConfig                     0x080024b9   Thumb Code    24  stm32f10x_tim.o(i.TIM_ARRPreloadConfig)
    TIM_ClearFlag                            0x080024d1   Thumb Code     6  stm32f10x_tim.o(i.TIM_ClearFlag)
    TIM_ClearITPendingBit                    0x080024d7   Thumb Code     6  stm32f10x_tim.o(i.TIM_ClearITPendingBit)
    TIM_Cmd                                  0x080024dd   Thumb Code    24  stm32f10x_tim.o(i.TIM_Cmd)
    TIM_CtrlPWMOutputs                       0x080024f5   Thumb Code    30  stm32f10x_tim.o(i.TIM_CtrlPWMOutputs)
    TIM_EncoderInterfaceConfig               0x08002513   Thumb Code    66  stm32f10x_tim.o(i.TIM_EncoderInterfaceConfig)
    TIM_GetCounter                           0x08002555   Thumb Code     6  stm32f10x_tim.o(i.TIM_GetCounter)
    TIM_GetITStatus                          0x0800255b   Thumb Code    34  stm32f10x_tim.o(i.TIM_GetITStatus)
    TIM_ICInit                               0x0800257d   Thumb Code   150  stm32f10x_tim.o(i.TIM_ICInit)
    TIM_ICStructInit                         0x08002629   Thumb Code    18  stm32f10x_tim.o(i.TIM_ICStructInit)
    TIM_ITConfig                             0x0800263b   Thumb Code    18  stm32f10x_tim.o(i.TIM_ITConfig)
    TIM_OC1Init                              0x0800264d   Thumb Code   132  stm32f10x_tim.o(i.TIM_OC1Init)
    TIM_OC1PreloadConfig                     0x080026e5   Thumb Code    18  stm32f10x_tim.o(i.TIM_OC1PreloadConfig)
    TIM_OC2Init                              0x080026f9   Thumb Code   154  stm32f10x_tim.o(i.TIM_OC2Init)
    TIM_OC2PreloadConfig                     0x0800279d   Thumb Code    26  stm32f10x_tim.o(i.TIM_OC2PreloadConfig)
    TIM_OC3Init                              0x080027b9   Thumb Code   150  stm32f10x_tim.o(i.TIM_OC3Init)
    TIM_OC3PreloadConfig                     0x08002859   Thumb Code    18  stm32f10x_tim.o(i.TIM_OC3PreloadConfig)
    TIM_OC4Init                              0x0800286d   Thumb Code   114  stm32f10x_tim.o(i.TIM_OC4Init)
    TIM_OC4PreloadConfig                     0x080028e9   Thumb Code    26  stm32f10x_tim.o(i.TIM_OC4PreloadConfig)
    TIM_SetCounter                           0x08002903   Thumb Code     4  stm32f10x_tim.o(i.TIM_SetCounter)
    TIM_SetIC1Prescaler                      0x08002907   Thumb Code    18  stm32f10x_tim.o(i.TIM_SetIC1Prescaler)
    TIM_SetIC2Prescaler                      0x08002919   Thumb Code    26  stm32f10x_tim.o(i.TIM_SetIC2Prescaler)
    TIM_SetIC3Prescaler                      0x08002933   Thumb Code    18  stm32f10x_tim.o(i.TIM_SetIC3Prescaler)
    TIM_SetIC4Prescaler                      0x08002945   Thumb Code    26  stm32f10x_tim.o(i.TIM_SetIC4Prescaler)
    TIM_TimeBaseInit                         0x08002961   Thumb Code   122  stm32f10x_tim.o(i.TIM_TimeBaseInit)
    TIM_TimeBaseStructInit                   0x08002a05   Thumb Code    18  stm32f10x_tim.o(i.TIM_TimeBaseStructInit)
    USART1_IRQHandler                        0x08002aa9   Thumb Code   364  uart1.o(i.USART1_IRQHandler)
    USART_ClearITPendingBit                  0x08002c45   Thumb Code    30  stm32f10x_usart.o(i.USART_ClearITPendingBit)
    USART_Cmd                                0x08002c63   Thumb Code    24  stm32f10x_usart.o(i.USART_Cmd)
    USART_GetFlagStatus                      0x08002c7b   Thumb Code    26  stm32f10x_usart.o(i.USART_GetFlagStatus)
    USART_GetITStatus                        0x08002c95   Thumb Code    84  stm32f10x_usart.o(i.USART_GetITStatus)
    USART_ITConfig                           0x08002ce9   Thumb Code    74  stm32f10x_usart.o(i.USART_ITConfig)
    USART_Init                               0x08002d35   Thumb Code   210  stm32f10x_usart.o(i.USART_Init)
    USART_ReceiveData                        0x08002e0d   Thumb Code    10  stm32f10x_usart.o(i.USART_ReceiveData)
    USART_SendData                           0x08002e17   Thumb Code     8  stm32f10x_usart.o(i.USART_SendData)
    USART_StructInit                         0x08002e1f   Thumb Code    24  stm32f10x_usart.o(i.USART_StructInit)
    UsageFault_Handler                       0x08002e37   Thumb Code     4  stm32f10x_it.o(i.UsageFault_Handler)
    __0printf$8                              0x08002e55   Thumb Code    22  printf8.o(i.__0printf$8)
    __1printf$8                              0x08002e55   Thumb Code     0  printf8.o(i.__0printf$8)
    __2printf                                0x08002e55   Thumb Code     0  printf8.o(i.__0printf$8)
    __ARM_fpclassify                         0x08002e75   Thumb Code    40  fpclassify.o(i.__ARM_fpclassify)
    __kernel_poly                            0x08002e9d   Thumb Code   170  poly.o(i.__kernel_poly)
    __mathlib_dbl_infnan                     0x08002f47   Thumb Code     6  dunder.o(i.__mathlib_dbl_infnan)
    __mathlib_dbl_infnan2                    0x08002f4d   Thumb Code     4  dunder.o(i.__mathlib_dbl_infnan2)
    __mathlib_dbl_invalid                    0x08002f51   Thumb Code    12  dunder.o(i.__mathlib_dbl_invalid)
    __mathlib_dbl_underflow                  0x08002f5d   Thumb Code    10  dunder.o(i.__mathlib_dbl_underflow)
    __scatterload_copy                       0x08002f6d   Thumb Code    14  handlers.o(i.__scatterload_copy)
    __scatterload_null                       0x08002f7b   Thumb Code     2  handlers.o(i.__scatterload_null)
    __scatterload_zeroinit                   0x08002f7d   Thumb Code    14  handlers.o(i.__scatterload_zeroinit)
    __set_errno                              0x08002f8d   Thumb Code     6  errno.o(i.__set_errno)
    asin                                     0x080034a5   Thumb Code   572  asin.o(i.asin)
    atan                                     0x08003715   Thumb Code   474  atan.o(i.atan)
    atan2                                    0x08003935   Thumb Code   346  atan2.o(i.atan2)
    dmp_enable_6x_lp_quat                    0x08003b19   Thumb Code    60  inv_mpu_dmp_motion_driver.o(i.dmp_enable_6x_lp_quat)
    dmp_enable_feature                       0x08003b55   Thumb Code   530  inv_mpu_dmp_motion_driver.o(i.dmp_enable_feature)
    dmp_enable_gyro_cal                      0x08003d71   Thumb Code    62  inv_mpu_dmp_motion_driver.o(i.dmp_enable_gyro_cal)
    dmp_enable_lp_quat                       0x08003dc9   Thumb Code    60  inv_mpu_dmp_motion_driver.o(i.dmp_enable_lp_quat)
    dmp_load_motion_driver_firmware          0x08003e05   Thumb Code    20  inv_mpu_dmp_motion_driver.o(i.dmp_load_motion_driver_firmware)
    dmp_read_fifo                            0x08003e1d   Thumb Code   456  inv_mpu_dmp_motion_driver.o(i.dmp_read_fifo)
    dmp_set_accel_bias                       0x08003fe9   Thumb Code   300  inv_mpu_dmp_motion_driver.o(i.dmp_set_accel_bias)
    dmp_set_fifo_rate                        0x08004119   Thumb Code    96  inv_mpu_dmp_motion_driver.o(i.dmp_set_fifo_rate)
    dmp_set_gyro_bias                        0x08004189   Thumb Code   294  inv_mpu_dmp_motion_driver.o(i.dmp_set_gyro_bias)
    dmp_set_orientation                      0x080042b9   Thumb Code   290  inv_mpu_dmp_motion_driver.o(i.dmp_set_orientation)
    dmp_set_shake_reject_thresh              0x080043f1   Thumb Code    56  inv_mpu_dmp_motion_driver.o(i.dmp_set_shake_reject_thresh)
    dmp_set_shake_reject_time                0x08004429   Thumb Code    38  inv_mpu_dmp_motion_driver.o(i.dmp_set_shake_reject_time)
    dmp_set_shake_reject_timeout             0x0800444f   Thumb Code    38  inv_mpu_dmp_motion_driver.o(i.dmp_set_shake_reject_timeout)
    dmp_set_tap_axes                         0x08004475   Thumb Code    70  inv_mpu_dmp_motion_driver.o(i.dmp_set_tap_axes)
    dmp_set_tap_count                        0x080044bb   Thumb Code    38  inv_mpu_dmp_motion_driver.o(i.dmp_set_tap_count)
    dmp_set_tap_thresh                       0x080044e1   Thumb Code   396  inv_mpu_dmp_motion_driver.o(i.dmp_set_tap_thresh)
    dmp_set_tap_time                         0x08004681   Thumb Code    38  inv_mpu_dmp_motion_driver.o(i.dmp_set_tap_time)
    dmp_set_tap_time_multi                   0x080046a7   Thumb Code    38  inv_mpu_dmp_motion_driver.o(i.dmp_set_tap_time_multi)
    fputc                                    0x080046cd   Thumb Code    16  uart1.o(i.fputc)
    inv_orientation_matrix_to_scalar         0x08004d11   Thumb Code    40  inv_mpu.o(i.inv_orientation_matrix_to_scalar)
    inv_row_2_scale                          0x08004d39   Thumb Code    78  inv_mpu.o(i.inv_row_2_scale)
    main                                     0x08004d87   Thumb Code    12  main.o(i.main)
    mget_ms                                  0x08004d93   Thumb Code     2  inv_mpu.o(i.mget_ms)
    mpu_configure_fifo                       0x08004d95   Thumb Code   106  inv_mpu.o(i.mpu_configure_fifo)
    mpu_dmp_get_data                         0x08004e05   Thumb Code   544  inv_mpu.o(i.mpu_dmp_get_data)
    mpu_dmp_init                             0x08005029   Thumb Code   154  inv_mpu.o(i.mpu_dmp_init)
    mpu_get_accel_fsr                        0x080050c9   Thumb Code    72  inv_mpu.o(i.mpu_get_accel_fsr)
    mpu_get_accel_sens                       0x08005115   Thumb Code    78  inv_mpu.o(i.mpu_get_accel_sens)
    mpu_get_fifo_config                      0x08005169   Thumb Code    12  inv_mpu.o(i.mpu_get_fifo_config)
    mpu_get_gyro_fsr                         0x08005179   Thumb Code    64  inv_mpu.o(i.mpu_get_gyro_fsr)
    mpu_get_gyro_sens                        0x080051bd   Thumb Code    58  inv_mpu.o(i.mpu_get_gyro_sens)
    mpu_get_lpf                              0x0800520d   Thumb Code    74  inv_mpu.o(i.mpu_get_lpf)
    mpu_get_sample_rate                      0x0800525d   Thumb Code    26  inv_mpu.o(i.mpu_get_sample_rate)
    mpu_init                                 0x0800527d   Thumb Code   416  inv_mpu.o(i.mpu_init)
    mpu_load_firmware                        0x0800546d   Thumb Code   180  inv_mpu.o(i.mpu_load_firmware)
    mpu_lp_accel_mode                        0x08005525   Thumb Code   218  inv_mpu.o(i.mpu_lp_accel_mode)
    mpu_read_fifo_stream                     0x08005605   Thumb Code   126  inv_mpu.o(i.mpu_read_fifo_stream)
    mpu_read_mem                             0x08005689   Thumb Code   122  inv_mpu.o(i.mpu_read_mem)
    mpu_reset_fifo                           0x08005709   Thumb Code   450  inv_mpu.o(i.mpu_reset_fifo)
    mpu_run_self_test                        0x080058d1   Thumb Code   278  inv_mpu.o(i.mpu_run_self_test)
    mpu_set_accel_fsr                        0x080059ed   Thumb Code   126  inv_mpu.o(i.mpu_set_accel_fsr)
    mpu_set_bypass                           0x08005a71   Thumb Code   328  inv_mpu.o(i.mpu_set_bypass)
    mpu_set_dmp_state                        0x08005bbd   Thumb Code   138  inv_mpu.o(i.mpu_set_dmp_state)
    mpu_set_gyro_fsr                         0x08005c4d   Thumb Code   132  inv_mpu.o(i.mpu_set_gyro_fsr)
    mpu_set_int_latched                      0x08005cd5   Thumb Code   102  inv_mpu.o(i.mpu_set_int_latched)
    mpu_set_lpf                              0x08005d41   Thumb Code   126  inv_mpu.o(i.mpu_set_lpf)
    mpu_set_sample_rate                      0x08005dc5   Thumb Code   152  inv_mpu.o(i.mpu_set_sample_rate)
    mpu_set_sensors                          0x08005e61   Thumb Code   202  inv_mpu.o(i.mpu_set_sensors)
    mpu_write_mem                            0x08005f31   Thumb Code   122  inv_mpu.o(i.mpu_write_mem)
    run_self_test                            0x08005fb1   Thumb Code   148  inv_mpu.o(i.run_self_test)
    sqrt                                     0x080060d5   Thumb Code    76  sqrt.o(i.sqrt)
    reg                                      0x08006d18   Data          27  inv_mpu.o(.constdata)
    hw                                       0x08006d34   Data          12  inv_mpu.o(.constdata)
    test                                     0x08006d40   Data          40  inv_mpu.o(.constdata)
    __mathlib_zero                           0x08006e50   Data           8  qnan.o(.constdata)
    Region$$Table$$Base                      0x08006ea8   Number         0  anon$$obj.o(Region$$Table)
    Region$$Table$$Limit                     0x08006ec8   Number         0  anon$$obj.o(Region$$Table)
    pitch                                    0x20000000   Data           4  pid.o(.data)
    roll                                     0x20000004   Data           4  pid.o(.data)
    yaw                                      0x20000008   Data           4  pid.o(.data)
    aacx                                     0x2000000c   Data           2  pid.o(.data)
    aacy                                     0x2000000e   Data           2  pid.o(.data)
    aacz                                     0x20000010   Data           2  pid.o(.data)
    gyrox                                    0x20000012   Data           2  pid.o(.data)
    gyroy                                    0x20000014   Data           2  pid.o(.data)
    gyroz                                    0x20000016   Data           2  pid.o(.data)
    med_angle                                0x20000018   Data           4  pid.o(.data)
    expected_angle                           0x2000001c   Data           4  pid.o(.data)
    expected_speed                           0x20000020   Data           4  pid.o(.data)
    Kp2                                      0x20000024   Data           4  pid.o(.data)
    Kd                                       0x20000028   Data           4  pid.o(.data)
    Kp1                                      0x2000002c   Data           4  pid.o(.data)
    Ki                                       0x20000030   Data           4  pid.o(.data)
    flag_move                                0x2000003d   Data           1  uart1.o(.data)
    flag_back                                0x2000003e   Data           1  uart1.o(.data)
    flag_stop                                0x2000003f   Data           1  uart1.o(.data)
    flag_left                                0x20000040   Data           1  uart1.o(.data)
    flag_right                               0x20000041   Data           1  uart1.o(.data)
    SystemCoreClock                          0x20000090   Data           4  system_stm32f10x.o(.data)
    AHBPrescTable                            0x20000094   Data          16  system_stm32f10x.o(.data)
    __stdout                                 0x200000a8   Data           4  stdout.o(.data)
    __initial_sp                             0x200005a0   Data           0  startup_stm32f10x_hd.o(STACK)



==============================================================================

Memory Map of the image

  Image Entry point : 0x08000131

  Load Region LR_IROM1 (Base: 0x08000000, Size: 0x00006f78, Max: 0x00040000, ABSOLUTE)

    Execution Region ER_IROM1 (Base: 0x08000000, Size: 0x00006ec8, Max: 0x00040000, ABSOLUTE)

    Base Addr    Size         Type   Attr      Idx    E Section Name        Object

    0x08000000   0x00000130   Data   RO         2822    RESET               startup_stm32f10x_hd.o
    0x08000130   0x00000000   Code   RO         2914  * .ARM.Collect$$$$00000000  mc_w.l(entry.o)
    0x08000130   0x00000004   Code   RO         3251    .ARM.Collect$$$$00000001  mc_w.l(entry2.o)
    0x08000134   0x00000004   Code   RO         3254    .ARM.Collect$$$$00000004  mc_w.l(entry5.o)
    0x08000138   0x00000000   Code   RO         3256    .ARM.Collect$$$$00000008  mc_w.l(entry7b.o)
    0x08000138   0x00000000   Code   RO         3258    .ARM.Collect$$$$0000000A  mc_w.l(entry8b.o)
    0x08000138   0x00000008   Code   RO         3259    .ARM.Collect$$$$0000000B  mc_w.l(entry9a.o)
    0x08000140   0x00000000   Code   RO         3261    .ARM.Collect$$$$0000000D  mc_w.l(entry10a.o)
    0x08000140   0x00000000   Code   RO         3263    .ARM.Collect$$$$0000000F  mc_w.l(entry11a.o)
    0x08000140   0x00000004   Code   RO         3252    .ARM.Collect$$$$00002712  mc_w.l(entry2.o)
    0x08000144   0x00000024   Code   RO         2823    .text               startup_stm32f10x_hd.o
    0x08000168   0x00000062   Code   RO         2917    .text               mc_w.l(ldiv.o)
    0x080001ca   0x00000024   Code   RO         2919    .text               mc_w.l(memseta.o)
    0x080001ee   0x0000001a   Code   RO         2921    .text               mc_w.l(memcmp.o)
    0x08000208   0x000000b0   Code   RO         3184    .text               mf_w.l(fadd.o)
    0x080002b8   0x00000064   Code   RO         3186    .text               mf_w.l(fmul.o)
    0x0800031c   0x0000007c   Code   RO         3188    .text               mf_w.l(fdiv.o)
    0x08000398   0x0000014e   Code   RO         3190    .text               mf_w.l(dadd.o)
    0x080004e6   0x000000e4   Code   RO         3192    .text               mf_w.l(dmul.o)
    0x080005ca   0x000000de   Code   RO         3194    .text               mf_w.l(ddiv.o)
    0x080006a8   0x00000012   Code   RO         3196    .text               mf_w.l(fflti.o)
    0x080006ba   0x0000000a   Code   RO         3198    .text               mf_w.l(ffltui.o)
    0x080006c4   0x00000032   Code   RO         3202    .text               mf_w.l(ffixi.o)
    0x080006f6   0x00000028   Code   RO         3204    .text               mf_w.l(ffixui.o)
    0x0800071e   0x00000026   Code   RO         3206    .text               mf_w.l(f2d.o)
    0x08000744   0x00000038   Code   RO         3208    .text               mf_w.l(d2f.o)
    0x0800077c   0x00000014   Code   RO         3210    .text               mf_w.l(cfcmple.o)
    0x08000790   0x00000014   Code   RO         3212    .text               mf_w.l(cfrcmple.o)
    0x080007a4   0x00000062   Code   RO         3268    .text               mc_w.l(uldiv.o)
    0x08000806   0x0000001e   Code   RO         3270    .text               mc_w.l(llshl.o)
    0x08000824   0x00000024   Code   RO         3272    .text               mc_w.l(llsshr.o)
    0x08000848   0x00000000   Code   RO         3281    .text               mc_w.l(iusefp.o)
    0x08000848   0x0000006e   Code   RO         3282    .text               mf_w.l(fepilogue.o)
    0x080008b6   0x000000ba   Code   RO         3284    .text               mf_w.l(depilogue.o)
    0x08000970   0x0000002e   Code   RO         3286    .text               mf_w.l(dscalb.o)
    0x0800099e   0x00000002   PAD
    0x080009a0   0x00000024   Code   RO         3292    .text               mc_w.l(init.o)
    0x080009c4   0x00000020   Code   RO         3294    .text               mc_w.l(llushr.o)
    0x080009e4   0x000000a2   Code   RO         3296    .text               mf_w.l(dsqrt.o)
    0x08000a86   0x00000002   PAD
    0x08000a88   0x00000050   Code   RO          188    i.BlueTooth         pid.o
    0x08000ad8   0x00000004   Code   RO         2729    i.BusFault_Handler  stm32f10x_it.o
    0x08000adc   0x0000000c   Code   RO          247    i.Clr2msFlag        timer.o
    0x08000ae8   0x00000038   Code   RO          133    i.ConfigLEDGPIO     led.o
    0x08000b20   0x0000006c   Code   RO         1127    i.ConfigMPU6050Exti  exti.o
    0x08000b8c   0x0000000c   Code   RO         2838    i.ConfigNVIC        nvic.o
    0x08000b98   0x00000064   Code   RO          230    i.ConfigRCC         rcc.o
    0x08000bfc   0x000000a0   Code   RO          409    i.ConfigTIM2ForEncoderB  encoder.o
    0x08000c9c   0x0000009c   Code   RO          410    i.ConfigTIM4ForEncoderA  encoder.o
    0x08000d38   0x00000060   Code   RO          248    i.ConfigTimer1      timer.o
    0x08000d98   0x000000e0   Code   RO          449    i.ConfigTimer3ForPWM  pwm.o
    0x08000e78   0x000000c4   Code   RO          329    i.ConfigUART        uart1.o
    0x08000f3c   0x00000044   Code   RO          285    i.DeQueue           queue.o
    0x08000f80   0x00000002   Code   RO         2730    i.DebugMon_Handler  stm32f10x_it.o
    0x08000f82   0x00000002   PAD
    0x08000f84   0x00000018   Code   RO         2855    i.DelayNms          systick.o
    0x08000f9c   0x0000001a   Code   RO         2856    i.DelayNus          systick.o
    0x08000fb6   0x00000002   PAD
    0x08000fb8   0x00000068   Code   RO          189    i.EXTI9_5_IRQHandler  pid.o
    0x08001020   0x0000000c   Code   RO         2676    i.EXTI_ClearITPendingBit  stm32f10x_exti.o
    0x0800102c   0x00000028   Code   RO         2680    i.EXTI_GetITStatus  stm32f10x_exti.o
    0x08001054   0x00000094   Code   RO         2681    i.EXTI_Init         stm32f10x_exti.o
    0x080010e8   0x00000048   Code   RO          286    i.EnQueue           queue.o
    0x08001130   0x0000001c   Code   RO         1197    i.FLASH_PrefetchBufferCmd  stm32f10x_flash.o
    0x0800114c   0x00000018   Code   RO         1202    i.FLASH_SetLatency  stm32f10x_flash.o
    0x08001164   0x00000040   Code   RO         1357    i.GPIO_EXTILineConfig  stm32f10x_gpio.o
    0x080011a4   0x00000116   Code   RO         1360    i.GPIO_Init         stm32f10x_gpio.o
    0x080012ba   0x00000002   PAD
    0x080012bc   0x00000090   Code   RO         1362    i.GPIO_PinRemapConfig  stm32f10x_gpio.o
    0x0800134c   0x00000012   Code   RO         1366    i.GPIO_ReadOutputDataBit  stm32f10x_gpio.o
    0x0800135e   0x00000004   Code   RO         1368    i.GPIO_SetBits      stm32f10x_gpio.o
    0x08001362   0x0000000a   Code   RO         1371    i.GPIO_WriteBit     stm32f10x_gpio.o
    0x0800136c   0x0000000c   Code   RO          249    i.Get2msFlag        timer.o
    0x08001378   0x00000044   Code   RO          411    i.GetEncoderSpeed   encoder.o
    0x080013bc   0x00000004   Code   RO         2731    i.HardFault_Handler  stm32f10x_it.o
    0x080013c0   0x0000000c   Code   RO          412    i.InitEncoder       encoder.o
    0x080013cc   0x00000058   Code   RO            1    i.InitHardware      main.o
    0x08001424   0x00000008   Code   RO          134    i.InitLED           led.o
    0x0800142c   0x00000008   Code   RO         1128    i.InitMPU6050Exti   exti.o
    0x08001434   0x00000008   Code   RO         2839    i.InitNVIC          nvic.o
    0x0800143c   0x0000000c   Code   RO          450    i.InitPWM           pwm.o
    0x08001448   0x00000024   Code   RO          287    i.InitQueue         queue.o
    0x0800146c   0x00000008   Code   RO          231    i.InitRCC           rcc.o
    0x08001474   0x00000068   Code   RO         2857    i.InitSysTick       systick.o
    0x080014dc   0x0000000e   Code   RO          250    i.InitTimer         timer.o
    0x080014ea   0x00000010   Code   RO          331    i.InitUART1         uart1.o
    0x080014fa   0x00000002   PAD
    0x080014fc   0x00000040   Code   RO          332    i.InitUARTBuf       uart1.o
    0x0800153c   0x00000050   Code   RO          658    i.MPU_Get_Accelerometer  mpu6050.o
    0x0800158c   0x00000050   Code   RO          659    i.MPU_Get_Gyroscope  mpu6050.o
    0x080015dc   0x0000004c   Code   RO          742    i.MPU_IIC_Ack       mpuiic.o
    0x08001628   0x0000000a   Code   RO          743    i.MPU_IIC_Delay     mpuiic.o
    0x08001632   0x00000002   PAD
    0x08001634   0x00000038   Code   RO          744    i.MPU_IIC_Init      mpuiic.o
    0x0800166c   0x0000004c   Code   RO          745    i.MPU_IIC_NAck      mpuiic.o
    0x080016b8   0x0000006c   Code   RO          746    i.MPU_IIC_Read_Byte  mpuiic.o
    0x08001724   0x0000005c   Code   RO          747    i.MPU_IIC_Send_Byte  mpuiic.o
    0x08001780   0x00000048   Code   RO          748    i.MPU_IIC_Start     mpuiic.o
    0x080017c8   0x00000048   Code   RO          749    i.MPU_IIC_Stop      mpuiic.o
    0x08001810   0x00000064   Code   RO          750    i.MPU_IIC_Wait_Ack  mpuiic.o
    0x08001874   0x000000c0   Code   RO          661    i.MPU_Init          mpu6050.o
    0x08001934   0x0000003a   Code   RO          662    i.MPU_Read_Byte     mpu6050.o
    0x0800196e   0x00000074   Code   RO          663    i.MPU_Read_Len      mpu6050.o
    0x080019e2   0x00000010   Code   RO          664    i.MPU_Set_Accel_Fsr  mpu6050.o
    0x080019f2   0x00000010   Code   RO          665    i.MPU_Set_Gyro_Fsr  mpu6050.o
    0x08001a02   0x0000003a   Code   RO          666    i.MPU_Set_LPF       mpu6050.o
    0x08001a3c   0x0000003a   Code   RO          667    i.MPU_Set_Rate      mpu6050.o
    0x08001a76   0x00000044   Code   RO          668    i.MPU_Write_Byte    mpu6050.o
    0x08001aba   0x00000060   Code   RO          669    i.MPU_Write_Len     mpu6050.o
    0x08001b1a   0x00000004   Code   RO         2732    i.MemManage_Handler  stm32f10x_it.o
    0x08001b1e   0x00000002   PAD
    0x08001b20   0x00000094   Code   RO          176    i.MotorLoad         motor.o
    0x08001bb4   0x00000002   Code   RO         2733    i.NMI_Handler       stm32f10x_it.o
    0x08001bb6   0x00000002   PAD
    0x08001bb8   0x00000018   Code   RO          333    i.NVIC_ClearPendingIRQ  uart1.o
    0x08001bd0   0x00000070   Code   RO         1144    i.NVIC_Init         misc.o
    0x08001c40   0x00000014   Code   RO         1145    i.NVIC_PriorityGroupConfig  misc.o
    0x08001c54   0x00000060   Code   RO          190    i.PD_Vertical       pid.o
    0x08001cb4   0x00000058   Code   RO          191    i.PID               pid.o
    0x08001d0c   0x00000090   Code   RO          192    i.PI_Velocity       pid.o
    0x08001d9c   0x00000002   Code   RO         2734    i.PendSV_Handler    stm32f10x_it.o
    0x08001d9e   0x0000000e   Code   RO            2    i.Proc2msTask       main.o
    0x08001dac   0x0000000e   Code   RO          288    i.QueueEmpty        queue.o
    0x08001dba   0x00000002   PAD
    0x08001dbc   0x00000020   Code   RO         1470    i.RCC_APB1PeriphClockCmd  stm32f10x_rcc.o
    0x08001ddc   0x00000020   Code   RO         1472    i.RCC_APB2PeriphClockCmd  stm32f10x_rcc.o
    0x08001dfc   0x0000004c   Code   RO         1479    i.RCC_DeInit        stm32f10x_rcc.o
    0x08001e48   0x000000d4   Code   RO         1480    i.RCC_GetClocksFreq  stm32f10x_rcc.o
    0x08001f1c   0x0000003c   Code   RO         1481    i.RCC_GetFlagStatus  stm32f10x_rcc.o
    0x08001f58   0x00000010   Code   RO         1483    i.RCC_GetSYSCLKSource  stm32f10x_rcc.o
    0x08001f68   0x00000018   Code   RO         1484    i.RCC_HCLKConfig    stm32f10x_rcc.o
    0x08001f80   0x0000004c   Code   RO         1485    i.RCC_HSEConfig     stm32f10x_rcc.o
    0x08001fcc   0x00000018   Code   RO         1491    i.RCC_PCLK1Config   stm32f10x_rcc.o
    0x08001fe4   0x00000018   Code   RO         1492    i.RCC_PCLK2Config   stm32f10x_rcc.o
    0x08001ffc   0x0000000c   Code   RO         1493    i.RCC_PLLCmd        stm32f10x_rcc.o
    0x08002008   0x0000001c   Code   RO         1494    i.RCC_PLLConfig     stm32f10x_rcc.o
    0x08002024   0x00000018   Code   RO         1497    i.RCC_SYSCLKConfig  stm32f10x_rcc.o
    0x0800203c   0x00000038   Code   RO         1499    i.RCC_WaitForHSEStartUp  stm32f10x_rcc.o
    0x08002074   0x0000001c   Code   RO          334    i.ReadSendBuf       uart1.o
    0x08002090   0x00000002   Code   RO         2735    i.SVC_Handler       stm32f10x_it.o
    0x08002092   0x00000002   PAD
    0x08002094   0x00000020   Code   RO          336    i.SendCharUsedByFputc  uart1.o
    0x080020b4   0x00000008   Code   RO         2786    i.SetSysClock       system_stm32f10x.o
    0x080020bc   0x000000e0   Code   RO         2787    i.SetSysClockTo72   system_stm32f10x.o
    0x0800219c   0x00000008   Code   RO         2858    i.SysTick_Handler   systick.o
    0x080021a4   0x00000060   Code   RO         2789    i.SystemInit        system_stm32f10x.o
    0x08002204   0x00000080   Code   RO         1668    i.TI1_Config        stm32f10x_tim.o
    0x08002284   0x00000098   Code   RO         1669    i.TI2_Config        stm32f10x_tim.o
    0x0800231c   0x00000090   Code   RO         1670    i.TI3_Config        stm32f10x_tim.o
    0x080023ac   0x00000098   Code   RO         1671    i.TI4_Config        stm32f10x_tim.o
    0x08002444   0x00000040   Code   RO          251    i.TIM1_UP_IRQHandler  timer.o
    0x08002484   0x00000018   Code   RO          413    i.TIM2_IRQHandler   encoder.o
    0x0800249c   0x0000001c   Code   RO          414    i.TIM4_IRQHandler   encoder.o
    0x080024b8   0x00000018   Code   RO         1672    i.TIM_ARRPreloadConfig  stm32f10x_tim.o
    0x080024d0   0x00000006   Code   RO         1678    i.TIM_ClearFlag     stm32f10x_tim.o
    0x080024d6   0x00000006   Code   RO         1679    i.TIM_ClearITPendingBit  stm32f10x_tim.o
    0x080024dc   0x00000018   Code   RO         1684    i.TIM_Cmd           stm32f10x_tim.o
    0x080024f4   0x0000001e   Code   RO         1686    i.TIM_CtrlPWMOutputs  stm32f10x_tim.o
    0x08002512   0x00000042   Code   RO         1693    i.TIM_EncoderInterfaceConfig  stm32f10x_tim.o
    0x08002554   0x00000006   Code   RO         1703    i.TIM_GetCounter    stm32f10x_tim.o
    0x0800255a   0x00000022   Code   RO         1705    i.TIM_GetITStatus   stm32f10x_tim.o
    0x0800257c   0x000000ac   Code   RO         1707    i.TIM_ICInit        stm32f10x_tim.o
    0x08002628   0x00000012   Code   RO         1708    i.TIM_ICStructInit  stm32f10x_tim.o
    0x0800263a   0x00000012   Code   RO         1709    i.TIM_ITConfig      stm32f10x_tim.o
    0x0800264c   0x00000098   Code   RO         1713    i.TIM_OC1Init       stm32f10x_tim.o
    0x080026e4   0x00000012   Code   RO         1716    i.TIM_OC1PreloadConfig  stm32f10x_tim.o
    0x080026f6   0x00000002   PAD
    0x080026f8   0x000000a4   Code   RO         1718    i.TIM_OC2Init       stm32f10x_tim.o
    0x0800279c   0x0000001a   Code   RO         1721    i.TIM_OC2PreloadConfig  stm32f10x_tim.o
    0x080027b6   0x00000002   PAD
    0x080027b8   0x000000a0   Code   RO         1723    i.TIM_OC3Init       stm32f10x_tim.o
    0x08002858   0x00000012   Code   RO         1726    i.TIM_OC3PreloadConfig  stm32f10x_tim.o
    0x0800286a   0x00000002   PAD
    0x0800286c   0x0000007c   Code   RO         1728    i.TIM_OC4Init       stm32f10x_tim.o
    0x080028e8   0x0000001a   Code   RO         1730    i.TIM_OC4PreloadConfig  stm32f10x_tim.o
    0x08002902   0x00000004   Code   RO         1749    i.TIM_SetCounter    stm32f10x_tim.o
    0x08002906   0x00000012   Code   RO         1750    i.TIM_SetIC1Prescaler  stm32f10x_tim.o
    0x08002918   0x0000001a   Code   RO         1751    i.TIM_SetIC2Prescaler  stm32f10x_tim.o
    0x08002932   0x00000012   Code   RO         1752    i.TIM_SetIC3Prescaler  stm32f10x_tim.o
    0x08002944   0x0000001a   Code   RO         1753    i.TIM_SetIC4Prescaler  stm32f10x_tim.o
    0x0800295e   0x00000002   PAD
    0x08002960   0x000000a4   Code   RO         1755    i.TIM_TimeBaseInit  stm32f10x_tim.o
    0x08002a04   0x00000012   Code   RO         1756    i.TIM_TimeBaseStructInit  stm32f10x_tim.o
    0x08002a16   0x00000002   PAD
    0x08002a18   0x00000018   Code   RO         2859    i.TimDelayDec       systick.o
    0x08002a30   0x00000078   Code   RO          193    i.Turn              pid.o
    0x08002aa8   0x0000019c   Code   RO          337    i.USART1_IRQHandler  uart1.o
    0x08002c44   0x0000001e   Code   RO         2217    i.USART_ClearITPendingBit  stm32f10x_usart.o
    0x08002c62   0x00000018   Code   RO         2220    i.USART_Cmd         stm32f10x_usart.o
    0x08002c7a   0x0000001a   Code   RO         2223    i.USART_GetFlagStatus  stm32f10x_usart.o
    0x08002c94   0x00000054   Code   RO         2224    i.USART_GetITStatus  stm32f10x_usart.o
    0x08002ce8   0x0000004a   Code   RO         2226    i.USART_ITConfig    stm32f10x_usart.o
    0x08002d32   0x00000002   PAD
    0x08002d34   0x000000d8   Code   RO         2227    i.USART_Init        stm32f10x_usart.o
    0x08002e0c   0x0000000a   Code   RO         2234    i.USART_ReceiveData  stm32f10x_usart.o
    0x08002e16   0x00000008   Code   RO         2237    i.USART_SendData    stm32f10x_usart.o
    0x08002e1e   0x00000018   Code   RO         2243    i.USART_StructInit  stm32f10x_usart.o
    0x08002e36   0x00000004   Code   RO         2736    i.UsageFault_Handler  stm32f10x_it.o
    0x08002e3a   0x00000002   PAD
    0x08002e3c   0x00000018   Code   RO          338    i.WriteReceiveBuf   uart1.o
    0x08002e54   0x00000020   Code   RO         3130    i.__0printf$8       mc_w.l(printf8.o)
    0x08002e74   0x00000028   Code   RO         3238    i.__ARM_fpclassify  m_ws.l(fpclassify.o)
    0x08002e9c   0x000000aa   Code   RO         3240    i.__kernel_poly     m_ws.l(poly.o)
    0x08002f46   0x00000006   Code   RO         3225    i.__mathlib_dbl_infnan  m_ws.l(dunder.o)
    0x08002f4c   0x00000004   Code   RO         3226    i.__mathlib_dbl_infnan2  m_ws.l(dunder.o)
    0x08002f50   0x0000000c   Code   RO         3227    i.__mathlib_dbl_invalid  m_ws.l(dunder.o)
    0x08002f5c   0x00000010   Code   RO         3230    i.__mathlib_dbl_underflow  m_ws.l(dunder.o)
    0x08002f6c   0x0000000e   Code   RO         3302    i.__scatterload_copy  mc_w.l(handlers.o)
    0x08002f7a   0x00000002   Code   RO         3303    i.__scatterload_null  mc_w.l(handlers.o)
    0x08002f7c   0x0000000e   Code   RO         3304    i.__scatterload_zeroinit  mc_w.l(handlers.o)
    0x08002f8a   0x00000002   PAD
    0x08002f8c   0x0000000c   Code   RO         3276    i.__set_errno       mc_w.l(errno.o)
    0x08002f98   0x00000410   Code   RO         3137    i._printf_core      mc_w.l(printf8.o)
    0x080033a8   0x00000024   Code   RO         3138    i._printf_post_padding  mc_w.l(printf8.o)
    0x080033cc   0x0000002e   Code   RO         3139    i._printf_pre_padding  mc_w.l(printf8.o)
    0x080033fa   0x00000002   PAD
    0x080033fc   0x000000a8   Code   RO          802    i.accel_self_test   inv_mpu.o
    0x080034a4   0x00000270   Code   RO         2897    i.asin              m_ws.l(asin.o)
    0x08003714   0x00000220   Code   RO         3215    i.atan              m_ws.l(atan.o)
    0x08003934   0x00000180   Code   RO         2907    i.atan2             m_ws.l(atan2.o)
    0x08003ab4   0x00000064   Code   RO          466    i.decode_gesture    inv_mpu_dmp_motion_driver.o
    0x08003b18   0x0000003c   Code   RO          467    i.dmp_enable_6x_lp_quat  inv_mpu_dmp_motion_driver.o
    0x08003b54   0x0000021c   Code   RO          468    i.dmp_enable_feature  inv_mpu_dmp_motion_driver.o
    0x08003d70   0x00000058   Code   RO          469    i.dmp_enable_gyro_cal  inv_mpu_dmp_motion_driver.o
    0x08003dc8   0x0000003c   Code   RO          470    i.dmp_enable_lp_quat  inv_mpu_dmp_motion_driver.o
    0x08003e04   0x00000018   Code   RO          475    i.dmp_load_motion_driver_firmware  inv_mpu_dmp_motion_driver.o
    0x08003e1c   0x000001cc   Code   RO          476    i.dmp_read_fifo     inv_mpu_dmp_motion_driver.o
    0x08003fe8   0x00000130   Code   RO          479    i.dmp_set_accel_bias  inv_mpu_dmp_motion_driver.o
    0x08004118   0x00000070   Code   RO          480    i.dmp_set_fifo_rate  inv_mpu_dmp_motion_driver.o
    0x08004188   0x00000130   Code   RO          481    i.dmp_set_gyro_bias  inv_mpu_dmp_motion_driver.o
    0x080042b8   0x00000138   Code   RO          483    i.dmp_set_orientation  inv_mpu_dmp_motion_driver.o
    0x080043f0   0x00000038   Code   RO          486    i.dmp_set_shake_reject_thresh  inv_mpu_dmp_motion_driver.o
    0x08004428   0x00000026   Code   RO          487    i.dmp_set_shake_reject_time  inv_mpu_dmp_motion_driver.o
    0x0800444e   0x00000026   Code   RO          488    i.dmp_set_shake_reject_timeout  inv_mpu_dmp_motion_driver.o
    0x08004474   0x00000046   Code   RO          489    i.dmp_set_tap_axes  inv_mpu_dmp_motion_driver.o
    0x080044ba   0x00000026   Code   RO          490    i.dmp_set_tap_count  inv_mpu_dmp_motion_driver.o
    0x080044e0   0x000001a0   Code   RO          491    i.dmp_set_tap_thresh  inv_mpu_dmp_motion_driver.o
    0x08004680   0x00000026   Code   RO          492    i.dmp_set_tap_time  inv_mpu_dmp_motion_driver.o
    0x080046a6   0x00000026   Code   RO          493    i.dmp_set_tap_time_multi  inv_mpu_dmp_motion_driver.o
    0x080046cc   0x00000010   Code   RO          340    i.fputc             uart1.o
    0x080046dc   0x000000b4   Code   RO          803    i.get_accel_prod_shift  inv_mpu.o
    0x08004790   0x00000470   Code   RO          804    i.get_st_biases     inv_mpu.o
    0x08004c00   0x00000110   Code   RO          805    i.gyro_self_test    inv_mpu.o
    0x08004d10   0x00000028   Code   RO          806    i.inv_orientation_matrix_to_scalar  inv_mpu.o
    0x08004d38   0x0000004e   Code   RO          807    i.inv_row_2_scale   inv_mpu.o
    0x08004d86   0x0000000c   Code   RO            3    i.main              main.o
    0x08004d92   0x00000002   Code   RO          808    i.mget_ms           inv_mpu.o
    0x08004d94   0x00000070   Code   RO          809    i.mpu_configure_fifo  inv_mpu.o
    0x08004e04   0x00000224   Code   RO          810    i.mpu_dmp_get_data  inv_mpu.o
    0x08005028   0x000000a0   Code   RO          811    i.mpu_dmp_init      inv_mpu.o
    0x080050c8   0x0000004c   Code   RO          812    i.mpu_get_accel_fsr  inv_mpu.o
    0x08005114   0x00000054   Code   RO          814    i.mpu_get_accel_sens  inv_mpu.o
    0x08005168   0x00000010   Code   RO          819    i.mpu_get_fifo_config  inv_mpu.o
    0x08005178   0x00000044   Code   RO          820    i.mpu_get_gyro_fsr  inv_mpu.o
    0x080051bc   0x00000050   Code   RO          822    i.mpu_get_gyro_sens  inv_mpu.o
    0x0800520c   0x00000050   Code   RO          824    i.mpu_get_lpf       inv_mpu.o
    0x0800525c   0x00000020   Code   RO          826    i.mpu_get_sample_rate  inv_mpu.o
    0x0800527c   0x000001f0   Code   RO          828    i.mpu_init          inv_mpu.o
    0x0800546c   0x000000b8   Code   RO          829    i.mpu_load_firmware  inv_mpu.o
    0x08005524   0x000000e0   Code   RO          830    i.mpu_lp_accel_mode  inv_mpu.o
    0x08005604   0x00000084   Code   RO          833    i.mpu_read_fifo_stream  inv_mpu.o
    0x08005688   0x00000080   Code   RO          834    i.mpu_read_mem      inv_mpu.o
    0x08005708   0x000001c8   Code   RO          837    i.mpu_reset_fifo    inv_mpu.o
    0x080058d0   0x0000011c   Code   RO          838    i.mpu_run_self_test  inv_mpu.o
    0x080059ec   0x00000084   Code   RO          840    i.mpu_set_accel_fsr  inv_mpu.o
    0x08005a70   0x0000014c   Code   RO          841    i.mpu_set_bypass    inv_mpu.o
    0x08005bbc   0x00000090   Code   RO          843    i.mpu_set_dmp_state  inv_mpu.o
    0x08005c4c   0x00000088   Code   RO          844    i.mpu_set_gyro_fsr  inv_mpu.o
    0x08005cd4   0x0000006c   Code   RO          845    i.mpu_set_int_latched  inv_mpu.o
    0x08005d40   0x00000084   Code   RO          847    i.mpu_set_lpf       inv_mpu.o
    0x08005dc4   0x0000009c   Code   RO          848    i.mpu_set_sample_rate  inv_mpu.o
    0x08005e60   0x000000d0   Code   RO          849    i.mpu_set_sensors   inv_mpu.o
    0x08005f30   0x00000080   Code   RO          850    i.mpu_write_mem     inv_mpu.o
    0x08005fb0   0x00000094   Code   RO          851    i.run_self_test     inv_mpu.o
    0x08006044   0x00000090   Code   RO          852    i.set_int_enable    inv_mpu.o
    0x080060d4   0x0000004c   Code   RO         3244    i.sqrt              m_ws.l(sqrt.o)
    0x08006120   0x00000bf6   Data   RO          495    .constdata          inv_mpu_dmp_motion_driver.o
    0x08006d16   0x00000002   PAD
    0x08006d18   0x00000050   Data   RO          854    .constdata          inv_mpu.o
    0x08006d68   0x00000050   Data   RO         2898    .constdata          m_ws.l(asin.o)
    0x08006db8   0x00000098   Data   RO         3216    .constdata          m_ws.l(atan.o)
    0x08006e50   0x00000008   Data   RO         3242    .constdata          m_ws.l(qnan.o)
    0x08006e58   0x0000004d   Data   RO          855    .conststring        inv_mpu.o
    0x08006ea5   0x00000003   PAD
    0x08006ea8   0x00000020   Data   RO         3300    Region$$Table       anon$$obj.o


    Execution Region RW_IRAM1 (Base: 0x20000000, Size: 0x000005a0, Max: 0x0000c000, ABSOLUTE)

    Base Addr    Size         Type   Attr      Idx    E Section Name        Object

    0x20000000   0x00000038   Data   RW          194    .data               pid.o
    0x20000038   0x00000004   Data   RW          252    .data               timer.o
    0x2000003c   0x00000006   Data   RW          342    .data               uart1.o
    0x20000042   0x00000002   PAD
    0x20000044   0x00000035   Data   RW          856    .data               inv_mpu.o
    0x20000079   0x00000014   Data   RW         1500    .data               stm32f10x_rcc.o
    0x2000008d   0x00000003   PAD
    0x20000090   0x00000014   Data   RW         2790    .data               system_stm32f10x.o
    0x200000a4   0x00000004   Data   RW         2860    .data               systick.o
    0x200000a8   0x00000004   Data   RW         3265    .data               mc_w.l(stdout.o)
    0x200000ac   0x00000004   Data   RW         3277    .data               mc_w.l(errno.o)
    0x200000b0   0x000000e0   Zero   RW          341    .bss                uart1.o
    0x20000190   0x00000010   Zero   RW          494    .bss                inv_mpu_dmp_motion_driver.o
    0x200001a0   0x00000400   Zero   RW         2820    STACK               startup_stm32f10x_hd.o


==============================================================================

Image component sizes


      Code (inc. data)   RO Data    RW Data    ZI Data      Debug   Object Name

       448         18          0          0          0       3540   encoder.o
       116          4          0          0          0        994   exti.o
      6804        290        157         53          0      30260   inv_mpu.o
      3096        122       3062          0         16      20206   inv_mpu_dmp_motion_driver.o
        64          6          0          0          0     206542   led.o
       114         12          0          0          0     258755   main.o
       132         22          0          0          0       1439   misc.o
       148          4          0          0          0        700   motor.o
       838         12          0          0          0       7467   mpu6050.o
       662        100          0          0          0       4702   mpuiic.o
        20          0          0          0          0        831   nvic.o
       632        134          0         56          0       3631   pid.o
       236         12          0          0          0       1114   pwm.o
       190          0          0          0          0       3081   queue.o
       108          0          0          0          0        934   rcc.o
        36          8        304          0       1024        832   startup_stm32f10x_hd.o
       200         18          0          0          0       1980   stm32f10x_exti.o
        52         12          0          0          0       1041   stm32f10x_flash.o
       518         10          0          0          0       4940   stm32f10x_gpio.o
        24          0          0          0          0       3504   stm32f10x_it.o
       696         92          0         20          0      10062   stm32f10x_rcc.o
      1942        200          0          0          0      18426   stm32f10x_tim.o
       496          6          0          0          0       7034   stm32f10x_usart.o
       328         28          0         20          0       2205   system_stm32f10x.o
       186         22          0          4          0      18133   systick.o
       198         28          0          4          0       2595   timer.o
       812        106          0          6        224      20757   uart1.o

    ----------------------------------------------------------------------
     19128       1266       3560        168       1264     635705   Object Totals
         0          0         32          0          0          0   (incl. Generated)
        32          0          5          5          0          0   (incl. Padding)

    ----------------------------------------------------------------------

      Code (inc. data)   RO Data    RW Data    ZI Data      Debug   Library Member Name

       624         52         80          0          0        168   asin.o
       544         70        152          0          0        124   atan.o
       384         38          0          0          0        144   atan2.o
        38          6          0          0          0        272   dunder.o
        40          0          0          0          0         68   fpclassify.o
       170          0          0          0          0         96   poly.o
         0          0          8          0          0          0   qnan.o
        76          0          0          0          0         84   sqrt.o
         0          0          0          0          0          0   entry.o
         0          0          0          0          0          0   entry10a.o
         0          0          0          0          0          0   entry11a.o
         8          4          0          0          0          0   entry2.o
         4          0          0          0          0          0   entry5.o
         0          0          0          0          0          0   entry7b.o
         0          0          0          0          0          0   entry8b.o
         8          4          0          0          0          0   entry9a.o
        12          6          0          4          0         68   errno.o
        30          0          0          0          0          0   handlers.o
        36          8          0          0          0         68   init.o
         0          0          0          0          0          0   iusefp.o
        98          0          0          0          0         84   ldiv.o
        30          0          0          0          0         68   llshl.o
        36          0          0          0          0         68   llsshr.o
        32          0          0          0          0         68   llushr.o
        26          0          0          0          0         80   memcmp.o
        36          0          0          0          0        108   memseta.o
      1154         54          0          0          0        352   printf8.o
         0          0          0          4          0          0   stdout.o
        98          0          0          0          0         92   uldiv.o
        20          0          0          0          0         68   cfcmple.o
        20          0          0          0          0         68   cfrcmple.o
        56          0          0          0          0         88   d2f.o
       334          0          0          0          0        148   dadd.o
       222          0          0          0          0        100   ddiv.o
       186          0          0          0          0        176   depilogue.o
       228          0          0          0          0         96   dmul.o
        46          0          0          0          0         80   dscalb.o
       162          0          0          0          0        100   dsqrt.o
        38          0          0          0          0         68   f2d.o
       176          0          0          0          0        140   fadd.o
       124          0          0          0          0         88   fdiv.o
       110          0          0          0          0        168   fepilogue.o
        50          0          0          0          0         68   ffixi.o
        40          0          0          0          0         68   ffixui.o
        18          0          0          0          0         68   fflti.o
        10          0          0          0          0         68   ffltui.o
       100          0          0          0          0         76   fmul.o

    ----------------------------------------------------------------------
      5432        242        240          8          0       3748   Library Totals
         8          0          0          0          0          0   (incl. Padding)

    ----------------------------------------------------------------------

      Code (inc. data)   RO Data    RW Data    ZI Data      Debug   Library Name

      1876        166        240          0          0        956   m_ws.l
      1608         76          0          8          0       1056   mc_w.l
      1940          0          0          0          0       1736   mf_w.l

    ----------------------------------------------------------------------
      5432        242        240          8          0       3748   Library Totals

    ----------------------------------------------------------------------

==============================================================================


      Code (inc. data)   RO Data    RW Data    ZI Data      Debug   

     24560       1508       3800        176       1264     627489   Grand Totals
     24560       1508       3800        176       1264     627489   ELF Image Totals
     24560       1508       3800        176          0          0   ROM Totals

==============================================================================

    Total RO  Size (Code + RO Data)                28360 (  27.70kB)
    Total RW  Size (RW Data + ZI Data)              1440 (   1.41kB)
    Total ROM Size (Code + RO Data + RW Data)      28536 (  27.87kB)

==============================================================================

