<html>
<body>
<pre>
<h1>礦ision Build Log</h1>
<h2>Tool Versions:</h2>
IDE-Version: μVision V5.20.0.0
Copyright (C) 2016 ARM Ltd and ARM Germany GmbH. All rights reserved.
License Information: sbming sbming, SZU, LIC=NQQMA-134CC-63PMB-2KRJ9-5JICV-JH61M
 
Tool Versions:
Toolchain:       MDK-ARM Plus  Version: 5.20
Toolchain Path:  C:\Keil_v5\ARM\ARMCC\Bin
C Compiler:      Armcc.exe V5.06 update 2 (build 183)
Assembler:       Armasm.exe V5.06 update 2 (build 183)
Linker/Locator:  ArmLink.exe V5.06 update 2 (build 183)
Library Manager: ArmAr.exe V5.06 update 2 (build 183)
Hex Converter:   FromElf.exe V5.06 update 2 (build 183)
CPU DLL:         SARMCM3.DLL V5.20
Dialog DLL:      DCM.DLL V1.13.7.0
Target DLL:      STLink\ST-LINKIII-KEIL_SWO.dll V2.0.18.0
Dialog DLL:      TCM.DLL V1.14.9.0
 
<h2>Project:</h2>
C:\Users\window\Desktop\stm32\平衡小车\Balance Car\Project\STM32KeilPrj.uvprojx
Project File Date:  10/29/2023

<h2>Output:</h2>
*** Using Compiler 'V5.06 update 2 (build 183)', folder: 'C:\Keil_v5\ARM\ARMCC\Bin'
Rebuild target 'Target 1'
compiling Queue.c...
compiling RCC.c...
compiling UART1.c...
compiling Timer.c...
compiling PWM.c...
compiling LED.c...
compiling Encoder.c...
compiling PID.c...
compiling Main.c...
compiling Motor.c...
compiling mpu6050.c...
compiling inv_mpu_dmp_motion_driver.c...
compiling Exti.c...
compiling mpuiic.c...
compiling stm32f10x_flash.c...
compiling misc.c...
compiling stm32f10x_dma.c...
compiling stm32f10x_gpio.c...
compiling stm32f10x_usart.c...
compiling inv_mpu.c...
compiling stm32f10x_rcc.c...
assembling startup_stm32f10x_hd.s...
compiling stm32f10x_i2c.c...
compiling stm32f10x_tim.c...
compiling core_cm3.c...
compiling stm32f10x_it.c...
compiling stm32f10x_exti.c...
compiling system_stm32f10x.c...
compiling NVIC.c...
compiling SysTick.c...
linking...
Program Size: Code=24560 RO-data=3800 RW-data=176 ZI-data=1264  
FromELF: creating hex file...
".\Objects\STM32KeilPrj.axf" - 0 Error(s), 0 Warning(s).

<h2>Collection of Component include folders:</h2>
  C:\Users\window\Desktop\stm32\平衡小车\Balance Car\Project\RTE
  C:\Keil_v5\ARM\PACK\Keil\STM32F1xx_DFP\2.1.0\Device\Include

<h2>Collection of Component Files used:</h2>
Build Time Elapsed:  00:00:07
</pre>
</body>
</html>
